Archive member included to satisfy reference by file (symbol)

C:/devkitPro/libnds/lib\libnds9.a(sprite_alloc.o)
                              main.o (oamAllocateGfx)
C:/devkitPro/libnds/lib\libnds9.a(console.o)
                              main.o (consoleDemoInit)
C:/devkitPro/libnds/lib\libnds9.a(sprite.o)
                              main.o (oamInit)
C:/devkitPro/libnds/lib\libnds9.a(keys.o)
                              main.o (scanKeys)
C:/devkitPro/libnds/lib\libnds9.a(initSystem.o)
                              c:/devkitpro/devkitarm/bin/../lib/gcc/arm-none-eabi/12.1.0/../../../../arm-none-eabi/lib/ds_arm9_crt0.o (initSystem)
C:/devkitPro/libnds/lib\libnds9.a(securearea.o)
                              c:/devkitpro/devkitarm/bin/../lib/gcc/arm-none-eabi/12.1.0/../../../../arm-none-eabi/lib/ds_arm9_crt0.o (__secure_area__)
C:/devkitPro/libnds/lib\libnds9.a(interrupts.o)
                              C:/devkitPro/libnds/lib\libnds9.a(initSystem.o) (irqInit)
C:/devkitPro/libnds/lib\libnds9.a(libnds_exit.arm.o)
                              c:/devkitpro/devkitarm/bin/../lib/gcc/arm-none-eabi/12.1.0/../../../../arm-none-eabi/lib/ds_arm9_crt0.o (__libnds_exit)
C:/devkitPro/libnds/lib\libnds9.a(fifosystem.o)
                              C:/devkitPro/libnds/lib\libnds9.a(initSystem.o) (fifoSetValue32Handler)
C:/devkitPro/libnds/lib\libnds9.a(dcache.o)
                              C:/devkitPro/libnds/lib\libnds9.a(sprite.o) (DC_FlushRange)
C:/devkitPro/libnds/lib\libnds9.a(mpu_setup.o)
                              c:/devkitpro/devkitarm/bin/../lib/gcc/arm-none-eabi/12.1.0/../../../../arm-none-eabi/lib/ds_arm9_crt0.o (__libnds_mpu_setup)
C:/devkitPro/libnds/lib\libnds9.a(IntrWait.o)
                              main.o (swiWaitForVBlank)
C:/devkitPro/libnds/lib\libnds9.a(cpu_clock.o)
                              C:/devkitPro/libnds/lib\libnds9.a(initSystem.o) (setCpuClock)
C:/devkitPro/libnds/lib\libnds9.a(interruptDispatcher.o)
                              C:/devkitPro/libnds/lib\libnds9.a(interrupts.o) (IntrMain)
C:/devkitPro/libnds/lib\libnds9.a(debugprint.o)
                              C:/devkitPro/libnds/lib\libnds9.a(console.o) (nocashWrite)
C:/devkitPro/libnds/lib\libnds9.a(swiSoftReset.o)
                              C:/devkitPro/libnds/lib\libnds9.a(fifosystem.o) (swiSoftReset)
C:/devkitPro/libnds/lib\libnds9.a(default_font.bin.o)
                              C:/devkitPro/libnds/lib\libnds9.a(console.o) (default_font_bin)
C:/devkitPro/libnds/lib\libnds9.a(background.o)
                              C:/devkitPro/libnds/lib\libnds9.a(console.o) (bgState)
C:/devkitPro/libnds/lib\libnds9.a(trig.o)
                              C:/devkitPro/libnds/lib\libnds9.a(sprite.o) (sinLerp)
C:/devkitPro/libnds/lib\libnds9.a(video.o)
                              C:/devkitPro/libnds/lib\libnds9.a(initSystem.o) (vramDefault)
C:/devkitPro/libnds/lib\libnds9.a(system.o)
                              C:/devkitPro/libnds/lib\libnds9.a(initSystem.o) (systemValueHandler)
C:/devkitPro/libnds/lib\libnds9.a(biosCalls.o)
                              C:/devkitPro/libnds/lib\libnds9.a(system.o) (swiDelay)
c:/devkitpro/devkitarm/bin/../lib/gcc/arm-none-eabi/12.1.0\libgcc.a(_divsi3.o)
                              C:/devkitPro/libnds/lib\libnds9.a(console.o) (__aeabi_idivmod)
c:/devkitpro/devkitarm/bin/../lib/gcc/arm-none-eabi/12.1.0\libgcc.a(_dvmd_tls.o)
                              c:/devkitpro/devkitarm/bin/../lib/gcc/arm-none-eabi/12.1.0\libgcc.a(_divsi3.o) (__aeabi_idiv0)
c:/devkitpro/devkitarm/bin/../lib/gcc/arm-none-eabi/12.1.0/../../../../arm-none-eabi/lib\libg.a(lib_a-bsearch.o)
                              C:/devkitPro/libnds/lib\libnds9.a(trig.o) (bsearch)
c:/devkitpro/devkitarm/bin/../lib/gcc/arm-none-eabi/12.1.0/../../../../arm-none-eabi/lib\libg.a(lib_a-init.o)
                              c:/devkitpro/devkitarm/bin/../lib/gcc/arm-none-eabi/12.1.0/../../../../arm-none-eabi/lib/ds_arm9_crt0.o (__libc_init_array)
c:/devkitpro/devkitarm/bin/../lib/gcc/arm-none-eabi/12.1.0/../../../../arm-none-eabi/lib\libg.a(lib_a-iprintf.o)
                              C:/devkitPro/libnds/lib\libnds9.a(console.o) (iprintf)
c:/devkitpro/devkitarm/bin/../lib/gcc/arm-none-eabi/12.1.0/../../../../arm-none-eabi/lib\libg.a(lib_a-malloc.o)
                              C:/devkitPro/libnds/lib\libnds9.a(sprite_alloc.o) (malloc)
c:/devkitpro/devkitarm/bin/../lib/gcc/arm-none-eabi/12.1.0/../../../../arm-none-eabi/lib\libg.a(lib_a-mallocr.o)
                              c:/devkitpro/devkitarm/bin/../lib/gcc/arm-none-eabi/12.1.0/../../../../arm-none-eabi/lib\libg.a(lib_a-malloc.o) (_malloc_r)
c:/devkitpro/devkitarm/bin/../lib/gcc/arm-none-eabi/12.1.0/../../../../arm-none-eabi/lib\libg.a(lib_a-memcpy-stub.o)
                              C:/devkitPro/libnds/lib\libnds9.a(console.o) (memcpy)
c:/devkitpro/devkitarm/bin/../lib/gcc/arm-none-eabi/12.1.0/../../../../arm-none-eabi/lib\libg.a(lib_a-memset.o)
[...]
Memory Configuration

Name             Origin             Length             Attributes
ewram            0x0000000002000000 0x0000000000380000
dtcm             0x0000000002ff0000 0x0000000000004000
vectors          0x0000000001000000 0x0000000000000100
itcm             0x0000000001000100 0x0000000000007f00
*default*        0x0000000000000000 0xffffffffffffffff

Linker script and memory map

                0x0000000002380000                __ewram_end = (ORIGIN (ewram) + LENGTH (ewram))
                0x0000000002380000                __eheap_end = (ORIGIN (ewram) + LENGTH (ewram))
                0x0000000002ff4000                __dtcm_top = (ORIGIN (dtcm) + LENGTH (dtcm))
                0x0000000002ff3ff8                __irq_flags = (__dtcm_top - 0x8)
                0x0000000002ff3ffc                __irq_vector = (__dtcm_top - 0x4)
                0x0000000002ff3f00                __sp_svc = (__dtcm_top - 0x100)
                0x0000000002ff3e00                __sp_irq = (__sp_svc - 0x100)
                0x0000000002ff3d00                __sp_usr = (__sp_irq - 0x100)

.secure         0x0000000002000000      0x800
 *(.secure)
 .secure        0x0000000002000000      0x800 C:/devkitPro/libnds/lib\libnds9.a(securearea.o)
                0x0000000002000000                __secure_area__

.crt0           0x0000000002000800      0x300
                0x0000000002000800                __text_start = .
 *(.crt0)
 .crt0          0x0000000002000800      0x300 c:/devkitpro/devkitarm/bin/../lib/gcc/arm-none-eabi/12.1.0/../../../../arm-none-eabi/lib/ds_arm9_crt0.o
                0x0000000002000800                _start
                0x0000000002000b00                . = ALIGN (0x4)

.plt
 *(.plt)

.init           0x0000000002000b00       0x18
 *(SORT_NONE(.init))
 .init          0x0000000002000b00        0xc c:/devkitpro/devkitarm/bin/../lib/gcc/arm-none-eabi/12.1.0/crti.o
                0x0000000002000b00                _init
 .init          0x0000000002000b0c        0xc c:/devkitpro/devkitarm/bin/../lib/gcc/arm-none-eabi/12.1.0/crtn.o

.text           0x0000000002000b18    0x13a68
 *(EXCLUDE_FILE(*.twl* *.vectors* *.itcm*) .text)
 .text          0x0000000002000b18      0x3b0 main.o
                0x0000000002000b18                SpawnPixelAtCursor(Cursor*, Type)
                0x0000000002000bf0                UpdatePixels()
                0x0000000002000de0                DrawPixels()
                0x0000000002000e38                DrawUI(Cursor*)
 .text          0x0000000002000ec8      0x148 c:/devkitpro/devkitarm/bin/../lib/gcc/arm-none-eabi/12.1.0\libgcc.a(_divsi3.o)
                0x0000000002000ec8                __divsi3
                0x0000000002000ec8                __aeabi_idiv
                0x0000000002000ff0                __aeabi_idivmod
 .text          0x0000000002001010        0x4 c:/devkitpro/devkitarm/bin/../lib/gcc/arm-none-eabi/12.1.0\libgcc.a(_dvmd_tls.o)
                0x0000000002001010                __aeabi_idiv0
                0x0000000002001010                __aeabi_ldiv0
 .text          0x0000000002001014      0x224 c:/devkitpro/devkitarm/bin/../lib/gcc/arm-none-eabi/12.1.0/../../../../arm-none-eabi/lib\libg.a(lib_a-strcmp.o)
                0x0000000002001014                strcmp
 .text          0x0000000002001238      0x114 c:/devkitpro/devkitarm/bin/../lib/gcc/arm-none-eabi/12.1.0\libgcc.a(_udivsi3.o)
                0x0000000002001238                __aeabi_uidiv
                0x0000000002001238                __udivsi3
                0x000000000200132c                __aeabi_uidivmod
 .text          0x000000000200134c      0x424 c:/devkitpro/devkitarm/bin/../lib/gcc/arm-none-eabi/12.1.0\libgcc.a(_arm_addsubdf3.o)
                0x000000000200134c                __aeabi_drsub
                0x0000000002001354                __aeabi_dsub
                0x0000000002001354                __subdf3
                0x0000000002001358                __aeabi_dadd
                0x0000000002001358                __adddf3
                0x0000000002001668                __floatunsidf
                0x0000000002001668                __aeabi_ui2d
                0x000000000200168c                __floatsidf
                0x000000000200168c                __aeabi_i2d
                0x00000000020016b4                __aeabi_f2d
                0x00000000020016b4                __extendsfdf2
                0x00000000020016fc                __floatundidf
                0x00000000020016fc                __aeabi_ul2d
                0x0000000002001710                __floatdidf
                0x0000000002001710                __aeabi_l2d
 .text          0x0000000002001770      0x49c c:/devkitpro/devkitarm/bin/../lib/gcc/arm-none-eabi/12.1.0\libgcc.a(_arm_muldivdf3.o)
                0x0000000002001770                __aeabi_dmul
                0x0000000002001770                __muldf3
                0x0000000002001a00                __divdf3
                0x0000000002001a00                __aeabi_ddiv
 .text          0x0000000002001c0c      0x144 c:/devkitpro/devkitarm/bin/../lib/gcc/arm-none-eabi/12.1.0\libgcc.a(_arm_cmpdf2.o)
                0x0000000002001c0c                __gtdf2
                0x0000000002001c0c                __gedf2
                0x0000000002001c14                __ltdf2
                0x0000000002001c14                __ledf2
                0x0000000002001c1c                __nedf2
                0x0000000002001c1c                __eqdf2
                0x0000000002001c1c                __cmpdf2
                0x0000000002001ca4                __aeabi_cdrcmple
                0x0000000002001cc0                __aeabi_cdcmpeq
                0x0000000002001cc0                __aeabi_cdcmple
                0x0000000002001cd8                __aeabi_dcmpeq
                0x0000000002001cf0                __aeabi_dcmplt
                0x0000000002001d08                __aeabi_dcmple
                0x0000000002001d20                __aeabi_dcmpge
                0x0000000002001d38                __aeabi_dcmpgt
 .text          0x0000000002001d50       0x38 c:/devkitpro/devkitarm/bin/../lib/gcc/arm-none-eabi/12.1.0\libgcc.a(_arm_unorddf2.o)
                0x0000000002001d50                __unorddf2
                0x0000000002001d50                __aeabi_dcmpun
 .text          0x0000000002001d88       0x5c c:/devkitpro/devkitarm/bin/../lib/gcc/arm-none-eabi/12.1.0\libgcc.a(_arm_fixdfsi.o)
                0x0000000002001d88                __aeabi_d2iz
                0x0000000002001d88                __fixdfsi
 .text          0x0000000002001de4       0x3c c:/devkitpro/devkitarm/bin/../lib/gcc/arm-none-eabi/12.1.0\libgcc.a(_aeabi_uldivmod.o)
                0x0000000002001de4                __aeabi_uldivmod
 .text          0x0000000002001e20       0x28 c:/devkitpro/devkitarm/bin/../lib/gcc/arm-none-eabi/12.1.0\libgcc.a(_clzdi2.o)
                0x0000000002001e20                __clzdi2
 .text          0x0000000002001e48       0x48 c:/devkitpro/devkitarm/bin/../lib/gcc/arm-none-eabi/12.1.0\libgcc.a(_clzsi2.o)
                0x0000000002001e48                __clzsi2
 *(EXCLUDE_FILE(*.twl* *.vectors* *.itcm*) .stub)
 *(EXCLUDE_FILE(*.twl* *.vectors* *.itcm*) .text.*)
 .text.__do_global_dtors_aux
                0x0000000002001e90       0x40 c:/devkitpro/devkitarm/bin/../lib/gcc/arm-none-eabi/12.1.0/crtbegin.o
 .text.frame_dummy
                0x0000000002001ed0       0x30 c:/devkitpro/devkitarm/bin/../lib/gcc/arm-none-eabi/12.1.0/crtbegin.o
 .text.startup  0x0000000002001f00      0x400 main.o
                0x0000000002001f00                main
 .text.oamAllocReset
                0x0000000002002300       0x1c C:/devkitPro/libnds/lib\libnds9.a(sprite_alloc.o)
                0x0000000002002300                oamAllocReset
 .text.oamAllocateGfx
                0x000000000200231c      0x50c C:/devkitPro/libnds/lib\libnds9.a(sprite_alloc.o)
                0x000000000200231c                oamAllocateGfx
 .text.newRow   0x0000000002002828       0xa8 C:/devkitPro/libnds/lib\libnds9.a(console.o)
 .text.consolePrintChar
                0x00000000020028d0       0xe0 C:/devkitPro/libnds/lib\libnds9.a(console.o)
                0x00000000020028d0                consolePrintChar
 .text.con_write
                0x00000000020029b0      0x36c C:/devkitPro/libnds/lib\libnds9.a(console.o)
                0x00000000020029b0                con_write
 .text.consoleLoadFont
                0x0000000002002d1c      0x2a0 C:/devkitPro/libnds/lib\libnds9.a(console.o)
                0x0000000002002d1c                consoleLoadFont
 .text.consoleInit
                0x0000000002002fbc      0x18c C:/devkitPro/libnds/lib\libnds9.a(console.o)
                0x0000000002002fbc                consoleInit
 .text.consoleDemoInit
                0x0000000002003148       0x40 C:/devkitPro/libnds/lib\libnds9.a(console.o)
                0x0000000002003148                consoleDemoInit
 .text.consoleClear
                0x0000000002003188       0x10 C:/devkitPro/libnds/lib\libnds9.a(console.o)
                0x0000000002003188                consoleClear
 .text.oamInit  0x0000000002003198      0x114 C:/devkitPro/libnds/lib\libnds9.a(sprite.o)
                0x0000000002003198                oamInit
 .text.oamGetGfxPtr
                0x00000000020032ac       0x38 C:/devkitPro/libnds/lib\libnds9.a(sprite.o)
                0x00000000020032ac                oamGetGfxPtr
 .text.oamGfxPtrToOffset
                0x00000000020032e4       0x34 C:/devkitPro/libnds/lib\libnds9.a(sprite.o)
                0x00000000020032e4                oamGfxPtrToOffset
 .text.oamSet   0x0000000002003318      0x104 C:/devkitPro/libnds/lib\libnds9.a(sprite.o)
                0x0000000002003318                oamSet
 .text.scanKeys
                0x000000000200341c       0x8c C:/devkitPro/libnds/lib\libnds9.a(keys.o)
                0x000000000200341c                scanKeys
 .text.keysHeld
                0x00000000020034a8        0xc C:/devkitPro/libnds/lib\libnds9.a(keys.o)
                0x00000000020034a8                keysHeld
 .text.__syscall_exit
                0x00000000020034b4        0x8 C:/devkitPro/libnds/lib\libnds9.a(initSystem.o)
                0x00000000020034b4                __syscall_exit
 .text.initSystem
                0x00000000020034bc      0x180 C:/devkitPro/libnds/lib\libnds9.a(initSystem.o)
                0x00000000020034bc                initSystem
 .text.irqDummy
                0x000000000200363c        0x4 C:/devkitPro/libnds/lib\libnds9.a(interrupts.o)
                0x000000000200363c                irqDummy
 .text.irqSet   0x0000000002003640       0x6c C:/devkitPro/libnds/lib\libnds9.a(interrupts.o)
                0x0000000002003640                irqSet
 .text.irqInit  0x00000000020036ac       0x50 C:/devkitPro/libnds/lib\libnds9.a(interrupts.o)
                0x00000000020036ac                irqInit
 .text.irqEnable
                0x00000000020036fc       0x64 C:/devkitPro/libnds/lib\libnds9.a(interrupts.o)
                0x00000000020036fc                irqEnable
 .text.systemErrorExit
                0x0000000002003760        0x4 C:/devkitPro/libnds/lib\libnds9.a(libnds_exit.arm.o)
                0x0000000002003760                systemErrorExit
 .text.__libnds_exit
                0x0000000002003764       0x5c C:/devkitPro/libnds/lib\libnds9.a(libnds_exit.arm.o)
                0x0000000002003764                __libnds_exit
 .text.fifo_queueBlock
                0x00000000020037c0       0x44 C:/devkitPro/libnds/lib\libnds9.a(fifosystem.o)
 .text.fifo_waitBlock
                0x0000000002003804       0x80 C:/devkitPro/libnds/lib\libnds9.a(fifosystem.o)
 .text.fifoInternalSend.part.0
                0x0000000002003884       0xd4 C:/devkitPro/libnds/lib\libnds9.a(fifosystem.o)
 .text.fifoInternalSendInterrupt
                0x0000000002003958       0xb0 C:/devkitPro/libnds/lib\libnds9.a(fifosystem.o)
 .text.fifoSetValue32Handler
                0x0000000002003a08       0xd4 C:/devkitPro/libnds/lib\libnds9.a(fifosystem.o)
                0x0000000002003a08                fifoSetValue32Handler
 .text.fifoSendValue32
                0x0000000002003adc       0x4c C:/devkitPro/libnds/lib\libnds9.a(fifosystem.o)
                0x0000000002003adc                fifoSendValue32
 .text.fifoGetDatamsg
                0x0000000002003b28       0xf4 C:/devkitPro/libnds/lib\libnds9.a(fifosystem.o)
                0x0000000002003b28                fifoGetDatamsg
 .text.fifoInternalRecvInterrupt
                0x0000000002003c1c      0x37c C:/devkitPro/libnds/lib\libnds9.a(fifosystem.o)
 .text.fifoSetDatamsgHandler
                0x0000000002003f98       0x9c C:/devkitPro/libnds/lib\libnds9.a(fifosystem.o)
                0x0000000002003f98                fifoSetDatamsgHandler
 .text.fifoInit
                0x0000000002004034      0x108 C:/devkitPro/libnds/lib\libnds9.a(fifosystem.o)
                0x0000000002004034                fifoInit
 .text.DC_FlushRange
                0x000000000200413c       0x24 C:/devkitPro/libnds/lib\libnds9.a(dcache.o)
                0x000000000200413c                DC_FlushRange
 .text.__libnds_mpu_setup
                0x0000000002004160      0x174 C:/devkitPro/libnds/lib\libnds9.a(mpu_setup.o)
                0x0000000002004160                __libnds_mpu_setup
 .text.memUncached
                0x00000000020042d4       0x20 C:/devkitPro/libnds/lib\libnds9.a(mpu_setup.o)
                0x00000000020042d4                memUncached
 .text.swiWaitForVBlank
                0x00000000020042f4        0x8 C:/devkitPro/libnds/lib\libnds9.a(IntrWait.o)
                0x00000000020042f4                swiWaitForVBlank
 .text.swiIntrWait
                0x00000000020042fc       0x70 C:/devkitPro/libnds/lib\libnds9.a(IntrWait.o)
                0x00000000020042fc                swiIntrWait
 .text.setCpuClock
                0x000000000200436c       0x50 C:/devkitPro/libnds/lib\libnds9.a(cpu_clock.o)
                0x000000000200436c                setCpuClock
 .text.swiSoftReset
                0x00000000020043bc       0x2c C:/devkitPro/libnds/lib\libnds9.a(swiSoftReset.o)
                0x00000000020043bc                swiSoftReset
 .text.checkIfText
                0x00000000020043e8       0x5c C:/devkitPro/libnds/lib\libnds9.a(background.o)
                0x00000000020043e8                checkIfText
 .text.bgUpdate
                0x0000000002004444       0xf4 C:/devkitPro/libnds/lib\libnds9.a(background.o)
                0x0000000002004444                bgUpdate
 .text.bgInit_call
                0x0000000002004538       0xc4 C:/devkitPro/libnds/lib\libnds9.a(background.o)
                0x0000000002004538                bgInit_call
 .text.bgInitSub_call
                0x00000000020045fc       0xcc C:/devkitPro/libnds/lib\libnds9.a(background.o)
                0x00000000020045fc                bgInitSub_call
 .text.sinLutLookup
                0x00000000020046c8       0x4c C:/devkitPro/libnds/lib\libnds9.a(trig.o)
                0x00000000020046c8                sinLutLookup
 .text.sinLerp  0x0000000002004714       0x40 C:/devkitPro/libnds/lib\libnds9.a(trig.o)
                0x0000000002004714                sinLerp
 .text.cosLerp  0x0000000002004754       0x4c C:/devkitPro/libnds/lib\libnds9.a(trig.o)
                0x0000000002004754                cosLerp
 .text.vramDefault
                0x00000000020047a0       0xd0 C:/devkitPro/libnds/lib\libnds9.a(video.o)
                0x00000000020047a0                vramDefault
 .text.systemValueHandler
                0x0000000002004870       0x48 C:/devkitPro/libnds/lib\libnds9.a(system.o)
                0x0000000002004870                systemValueHandler
 .text.systemMsgHandler
                0x00000000020048b8       0x60 C:/devkitPro/libnds/lib\libnds9.a(system.o)
                0x00000000020048b8                systemMsgHandler
 .text.powerOn  0x0000000002004918       0x2c C:/devkitPro/libnds/lib\libnds9.a(system.o)
                0x0000000002004918                powerOn
 .text.swiDelay
                0x0000000002004944        0x4 C:/devkitPro/libnds/lib\libnds9.a(biosCalls.o)
                0x0000000002004944                swiDelay
 .text.__libc_init_array
                0x0000000002004948       0x90 c:/devkitpro/devkitarm/bin/../lib/gcc/arm-none-eabi/12.1.0/../../../../arm-none-eabi/lib\libg.a(lib_a-init.o)
                0x0000000002004948                __libc_init_array
 .text.iprintf  0x00000000020049d8       0x34 c:/devkitpro/devkitarm/bin/../lib/gcc/arm-none-eabi/12.1.0/../../../../arm-none-eabi/lib\libg.a(lib_a-iprintf.o)
                0x00000000020049d8                iprintf
 .text.malloc   0x0000000002004a0c       0x1c c:/devkitpro/devkitarm/bin/../lib/gcc/arm-none-eabi/12.1.0/../../../../arm-none-eabi/lib\libg.a(lib_a-malloc.o)
                0x0000000002004a0c                malloc
 .text.free     0x0000000002004a28       0x1c c:/devkitpro/devkitarm/bin/../lib/gcc/arm-none-eabi/12.1.0/../../../../arm-none-eabi/lib\libg.a(lib_a-malloc.o)
                0x0000000002004a28                free
 .text._malloc_r
                0x0000000002004a44      0x7f0 c:/devkitpro/devkitarm/bin/../lib/gcc/arm-none-eabi/12.1.0/../../../../arm-none-eabi/lib\libg.a(lib_a-mallocr.o)
                0x0000000002004a44                _malloc_r
 .text.memcpy   0x0000000002005234      0x114 c:/devkitpro/devkitarm/bin/../lib/gcc/arm-none-eabi/12.1.0/../../../../arm-none-eabi/lib\libg.a(lib_a-memcpy-stub.o)
                0x0000000002005234                memcpy
 .text.memset   0x0000000002005348       0xfc c:/devkitpro/devkitarm/bin/../lib/gcc/arm-none-eabi/12.1.0/../../../../arm-none-eabi/lib\libg.a(lib_a-memset.o)
                0x0000000002005348                memset
 .text.__malloc_lock
                0x0000000002005444       0x18 c:/devkitpro/devkitarm/bin/../lib/gcc/arm-none-eabi/12.1.0/../../../../arm-none-eabi/lib\libg.a(lib_a-mlock.o)
                0x0000000002005444                __malloc_lock
 .text.__malloc_unlock
                0x000000000200545c       0x18 c:/devkitpro/devkitarm/bin/../lib/gcc/arm-none-eabi/12.1.0/../../../../arm-none-eabi/lib\libg.a(lib_a-mlock.o)
                0x000000000200545c                __malloc_unlock
 .text.printf   0x0000000002005474       0x34 c:/devkitpro/devkitarm/bin/../lib/gcc/arm-none-eabi/12.1.0/../../../../arm-none-eabi/lib\libg.a(lib_a-printf.o)
                0x0000000002005474                printf
 .text._puts_r  0x00000000020054a8       0xe8 c:/devkitpro/devkitarm/bin/../lib/gcc/arm-none-eabi/12.1.0/../../../../arm-none-eabi/lib\libg.a(lib_a-puts.o)
                0x00000000020054a8                _puts_r
 .text.puts     0x0000000002005590       0x18 c:/devkitpro/devkitarm/bin/../lib/gcc/arm-none-eabi/12.1.0/../../../../arm-none-eabi/lib\libg.a(lib_a-puts.o)
                0x0000000002005590                puts
 .text.rand     0x00000000020055a8       0x48 c:/devkitpro/devkitarm/bin/../lib/gcc/arm-none-eabi/12.1.0/../../../../arm-none-eabi/lib\libg.a(lib_a-rand.o)
                0x00000000020055a8                rand
 .text.realloc  0x00000000020055f0       0x24 c:/devkitpro/devkitarm/bin/../lib/gcc/arm-none-eabi/12.1.0/../../../../arm-none-eabi/lib\libg.a(lib_a-realloc.o)
                0x00000000020055f0                realloc
 .text._realloc_r
                0x0000000002005614      0x4b8 c:/devkitpro/devkitarm/bin/../lib/gcc/arm-none-eabi/12.1.0/../../../../arm-none-eabi/lib\libg.a(lib_a-reallocr.o)
                0x0000000002005614                _realloc_r
 .text.setvbuf  0x0000000002005acc      0x25c c:/devkitpro/devkitarm/bin/../lib/gcc/arm-none-eabi/12.1.0/../../../../arm-none-eabi/lib\libg.a(lib_a-setvbuf.o)
                0x0000000002005acc                setvbuf
 .text.siscanf  0x0000000002005d28       0x74 c:/devkitpro/devkitarm/bin/../lib/gcc/arm-none-eabi/12.1.0/../../../../arm-none-eabi/lib\libg.a(lib_a-siscanf.o)
                0x0000000002005d28                siscanf
 .text.__sread  0x0000000002005d9c       0x4c c:/devkitpro/devkitarm/bin/../lib/gcc/arm-none-eabi/12.1.0/../../../../arm-none-eabi/lib\libg.a(lib_a-stdio.o)
                0x0000000002005d9c                __sread
 .text.__seofread
                0x0000000002005de8        0x8 c:/devkitpro/devkitarm/bin/../lib/gcc/arm-none-eabi/12.1.0/../../../../arm-none-eabi/lib\libg.a(lib_a-stdio.o)
                0x0000000002005de8                __seofread
 .text.__swrite
                0x0000000002005df0       0x6c c:/devkitpro/devkitarm/bin/../lib/gcc/arm-none-eabi/12.1.0/../../../../arm-none-eabi/lib\libg.a(lib_a-stdio.o)
                0x0000000002005df0                __swrite
 .text.__sseek  0x0000000002005e5c       0x48 c:/devkitpro/devkitarm/bin/../lib/gcc/arm-none-eabi/12.1.0/../../../../arm-none-eabi/lib\libg.a(lib_a-stdio.o)
                0x0000000002005e5c                __sseek
 .text.__sclose
                0x0000000002005ea4       0x14 c:/devkitpro/devkitarm/bin/../lib/gcc/arm-none-eabi/12.1.0/../../../../arm-none-eabi/lib\libg.a(lib_a-stdio.o)
                0x0000000002005ea4                __sclose
 .text.strlen   0x0000000002005eb8       0x60 c:/devkitpro/devkitarm/bin/../lib/gcc/arm-none-eabi/12.1.0/../../../../arm-none-eabi/lib\libg.a(lib_a-strlen-stub.o)
                0x0000000002005eb8                strlen
 .text.get_arg  0x0000000002005f18       0x54 c:/devkitpro/devkitarm/bin/../lib/gcc/arm-none-eabi/12.1.0/../../../../arm-none-eabi/lib\libg.a(lib_a-svfiscanf.o)
 .text._sungetc_r
                0x0000000002005f6c       0xdc c:/devkitpro/devkitarm/bin/../lib/gcc/arm-none-eabi/12.1.0/../../../../arm-none-eabi/lib\libg.a(lib_a-svfiscanf.o)
                0x0000000002005f6c                _sungetc_r
 .text.__ssrefill_r
                0x0000000002006048       0x68 c:/devkitpro/devkitarm/bin/../lib/gcc/arm-none-eabi/12.1.0/../../../../arm-none-eabi/lib\libg.a(lib_a-svfiscanf.o)
                0x0000000002006048                __ssrefill_r
 .text._sfread_r
                0x00000000020060b0       0xc8 c:/devkitpro/devkitarm/bin/../lib/gcc/arm-none-eabi/12.1.0/../../../../arm-none-eabi/lib\libg.a(lib_a-svfiscanf.o)
                0x00000000020060b0                _sfread_r
 .text.__ssvfiscanf_r
                0x0000000002006178     0x2338 c:/devkitpro/devkitarm/bin/../lib/gcc/arm-none-eabi/12.1.0/../../../../arm-none-eabi/lib\libg.a(lib_a-svfiscanf.o)
                0x0000000002006178                __ssvfiscanf_r
 .text.__submore
                0x00000000020084b0       0xa8 c:/devkitpro/devkitarm/bin/../lib/gcc/arm-none-eabi/12.1.0/../../../../arm-none-eabi/lib\libg.a(lib_a-ungetc.o)
                0x00000000020084b0                __submore
 .text.get_arg  0x0000000002008558      0x674 c:/devkitpro/devkitarm/bin/../lib/gcc/arm-none-eabi/12.1.0/../../../../arm-none-eabi/lib\libg.a(lib_a-vfiprintf.o)
 .text.__sprint_r
                0x0000000002008bcc       0x34 c:/devkitpro/devkitarm/bin/../lib/gcc/arm-none-eabi/12.1.0/../../../../arm-none-eabi/lib\libg.a(lib_a-vfiprintf.o)
                0x0000000002008bcc                __sprint_r
 .text._vfiprintf_r
                0x0000000002008c00     0x2320 c:/devkitpro/devkitarm/bin/../lib/gcc/arm-none-eabi/12.1.0/../../../../arm-none-eabi/lib\libg.a(lib_a-vfiprintf.o)
                0x0000000002008c00                _vfiprintf_r
 .text.__sbprintf
                0x000000000200af20       0xd4 c:/devkitpro/devkitarm/bin/../lib/gcc/arm-none-eabi/12.1.0/../../../../arm-none-eabi/lib\libg.a(lib_a-vfiprintf.o)
 .text.get_arg  0x000000000200aff4      0x674 c:/devkitpro/devkitarm/bin/../lib/gcc/arm-none-eabi/12.1.0/../../../../arm-none-eabi/lib\libg.a(lib_a-vfprintf.o)
 .text._vfprintf_r
                0x000000000200b668     0x370c c:/devkitpro/devkitarm/bin/../lib/gcc/arm-none-eabi/12.1.0/../../../../arm-none-eabi/lib\libg.a(lib_a-vfprintf.o)
                0x000000000200b668                _vfprintf_r
 .text.__sbprintf
                0x000000000200ed74       0xd4 c:/devkitpro/devkitarm/bin/../lib/gcc/arm-none-eabi/12.1.0/../../../../arm-none-eabi/lib\libg.a(lib_a-vfprintf.o)
 .text._wcrtomb_r
                0x000000000200ee48       0x5c c:/devkitpro/devkitarm/bin/../lib/gcc/arm-none-eabi/12.1.0/../../../../arm-none-eabi/lib\libg.a(lib_a-wcrtomb.o)
                0x000000000200ee48                _wcrtomb_r
 .text._wcsrtombs_r
                0x000000000200eea4       0x2c c:/devkitpro/devkitarm/bin/../lib/gcc/arm-none-eabi/12.1.0/../../../../arm-none-eabi/lib\libg.a(lib_a-wcsrtombs.o)
                0x000000000200eea4                _wcsrtombs_r
 .text.__swsetup_r
                0x000000000200eed0      0x148 c:/devkitpro/devkitarm/bin/../lib/gcc/arm-none-eabi/12.1.0/../../../../arm-none-eabi/lib\libg.a(lib_a-wsetup.o)
                0x000000000200eed0                __swsetup_r
 .text.quorem   0x000000000200f018      0x1d0 c:/devkitpro/devkitarm/bin/../lib/gcc/arm-none-eabi/12.1.0/../../../../arm-none-eabi/lib\libg.a(lib_a-dtoa.o)
 .text._dtoa_r  0x000000000200f1e8     0x1658 c:/devkitpro/devkitarm/bin/../lib/gcc/arm-none-eabi/12.1.0/../../../../arm-none-eabi/lib\libg.a(lib_a-dtoa.o)
                0x000000000200f1e8                _dtoa_r
 .text.__sflush_r
                0x0000000002010840      0x250 c:/devkitpro/devkitarm/bin/../lib/gcc/arm-none-eabi/12.1.0/../../../../arm-none-eabi/lib\libg.a(lib_a-fflush.o)
                0x0000000002010840                __sflush_r
 .text._fflush_r
                0x0000000002010a90       0x9c c:/devkitpro/devkitarm/bin/../lib/gcc/arm-none-eabi/12.1.0/../../../../arm-none-eabi/lib\libg.a(lib_a-fflush.o)
                0x0000000002010a90                _fflush_r
 .text._cleanup_r
                0x0000000002010b2c       0x18 c:/devkitpro/devkitarm/bin/../lib/gcc/arm-none-eabi/12.1.0/../../../../arm-none-eabi/lib\libg.a(lib_a-findfp.o)
                0x0000000002010b2c                _cleanup_r
 .text.__sinit  0x0000000002010b44      0x18c c:/devkitpro/devkitarm/bin/../lib/gcc/arm-none-eabi/12.1.0/../../../../arm-none-eabi/lib\libg.a(lib_a-findfp.o)
                0x0000000002010b44                __sinit
 .text.__sfp_lock_acquire
                0x0000000002010cd0       0x18 c:/devkitpro/devkitarm/bin/../lib/gcc/arm-none-eabi/12.1.0/../../../../arm-none-eabi/lib\libg.a(lib_a-findfp.o)
                0x0000000002010cd0                __sfp_lock_acquire
 .text.__sfp_lock_release
                0x0000000002010ce8       0x18 c:/devkitpro/devkitarm/bin/../lib/gcc/arm-none-eabi/12.1.0/../../../../arm-none-eabi/lib\libg.a(lib_a-findfp.o)
                0x0000000002010ce8                __sfp_lock_release
 .text._malloc_trim_r
                0x0000000002010d00      0x100 c:/devkitpro/devkitarm/bin/../lib/gcc/arm-none-eabi/12.1.0/../../../../arm-none-eabi/lib\libg.a(lib_a-freer.o)
                0x0000000002010d00                _malloc_trim_r
 .text._free_r  0x0000000002010e00      0x2e8 c:/devkitpro/devkitarm/bin/../lib/gcc/arm-none-eabi/12.1.0/../../../../arm-none-eabi/lib\libg.a(lib_a-freer.o)
                0x0000000002010e00                _free_r
 .text.__sfvwrite_r
                0x00000000020110e8      0x4c8 c:/devkitpro/devkitarm/bin/../lib/gcc/arm-none-eabi/12.1.0/../../../../arm-none-eabi/lib\libg.a(lib_a-fvwrite.o)
                0x00000000020110e8                __sfvwrite_r
 .text._fwalk_reent
                0x00000000020115b0       0x78 c:/devkitpro/devkitarm/bin/../lib/gcc/arm-none-eabi/12.1.0/../../../../arm-none-eabi/lib\libg.a(lib_a-fwalk.o)
                0x00000000020115b0                _fwalk_reent
 .text.iswspace
                0x0000000002011628       0x14 c:/devkitpro/devkitarm/bin/../lib/gcc/arm-none-eabi/12.1.0/../../../../arm-none-eabi/lib\libg.a(lib_a-iswspace.o)
                0x0000000002011628                iswspace
 .text._localeconv_r
                0x000000000201163c        0xc c:/devkitpro/devkitarm/bin/../lib/gcc/arm-none-eabi/12.1.0/../../../../arm-none-eabi/lib\libg.a(lib_a-localeconv.o)
                0x000000000201163c                _localeconv_r
 .text.__locale_mb_cur_max
                0x0000000002011648       0x10 c:/devkitpro/devkitarm/bin/../lib/gcc/arm-none-eabi/12.1.0/../../../../arm-none-eabi/lib\libg.a(lib_a-locale.o)
                0x0000000002011648                __locale_mb_cur_max
 .text.__smakebuf_r
                0x0000000002011658      0x144 c:/devkitpro/devkitarm/bin/../lib/gcc/arm-none-eabi/12.1.0/../../../../arm-none-eabi/lib\libg.a(lib_a-makebuf.o)
                0x0000000002011658                __smakebuf_r
 .text.__swhatbuf_r
                0x000000000201179c       0x80 c:/devkitpro/devkitarm/bin/../lib/gcc/arm-none-eabi/12.1.0/../../../../arm-none-eabi/lib\libg.a(lib_a-makebuf.o)
                0x000000000201179c                __swhatbuf_r
 .text._mbrtowc_r
                0x000000000201181c       0x70 c:/devkitpro/devkitarm/bin/../lib/gcc/arm-none-eabi/12.1.0/../../../../arm-none-eabi/lib\libg.a(lib_a-mbrtowc.o)
                0x000000000201181c                _mbrtowc_r
 .text.__utf8_mbtowc
                0x000000000201188c      0x308 c:/devkitpro/devkitarm/bin/../lib/gcc/arm-none-eabi/12.1.0/../../../../arm-none-eabi/lib\libg.a(lib_a-mbtowc_r.o)
                0x000000000201188c                __utf8_mbtowc
 .text.memchr   0x0000000002011b94       0xf4 c:/devkitpro/devkitarm/bin/../lib/gcc/arm-none-eabi/12.1.0/../../../../arm-none-eabi/lib\libg.a(lib_a-memchr-stub.o)
                0x0000000002011b94                memchr
 .text.memmove  0x0000000002011c88      0x154 c:/devkitpro/devkitarm/bin/../lib/gcc/arm-none-eabi/12.1.0/../../../../arm-none-eabi/lib\libg.a(lib_a-memmove.o)
                0x0000000002011c88                memmove
 .text._Balloc  0x0000000002011ddc       0x8c c:/devkitpro/devkitarm/bin/../lib/gcc/arm-none-eabi/12.1.0/../../../../arm-none-eabi/lib\libg.a(lib_a-mprec.o)
                0x0000000002011ddc                _Balloc
 .text._Bfree   0x0000000002011e68       0x1c c:/devkitpro/devkitarm/bin/../lib/gcc/arm-none-eabi/12.1.0/../../../../arm-none-eabi/lib\libg.a(lib_a-mprec.o)
                0x0000000002011e68                _Bfree
 .text.__multadd
                0x0000000002011e84      0x100 c:/devkitpro/devkitarm/bin/../lib/gcc/arm-none-eabi/12.1.0/../../../../arm-none-eabi/lib\libg.a(lib_a-mprec.o)
                0x0000000002011e84                __multadd
 .text.__hi0bits
                0x0000000002011f84       0x60 c:/devkitpro/devkitarm/bin/../lib/gcc/arm-none-eabi/12.1.0/../../../../arm-none-eabi/lib\libg.a(lib_a-mprec.o)
                0x0000000002011f84                __hi0bits
 .text.__lo0bits
                0x0000000002011fe4       0xa0 c:/devkitpro/devkitarm/bin/../lib/gcc/arm-none-eabi/12.1.0/../../../../arm-none-eabi/lib\libg.a(lib_a-mprec.o)
                0x0000000002011fe4                __lo0bits
 .text.__i2b    0x0000000002012084       0xa8 c:/devkitpro/devkitarm/bin/../lib/gcc/arm-none-eabi/12.1.0/../../../../arm-none-eabi/lib\libg.a(lib_a-mprec.o)
                0x0000000002012084                __i2b
 .text.__multiply
                0x000000000201212c      0x218 c:/devkitpro/devkitarm/bin/../lib/gcc/arm-none-eabi/12.1.0/../../../../arm-none-eabi/lib\libg.a(lib_a-mprec.o)
                0x000000000201212c                __multiply
 .text.__pow5mult
                0x0000000002012344      0x128 c:/devkitpro/devkitarm/bin/../lib/gcc/arm-none-eabi/12.1.0/../../../../arm-none-eabi/lib\libg.a(lib_a-mprec.o)
                0x0000000002012344                __pow5mult
 .text.__lshift
                0x000000000201246c      0x144 c:/devkitpro/devkitarm/bin/../lib/gcc/arm-none-eabi/12.1.0/../../../../arm-none-eabi/lib\libg.a(lib_a-mprec.o)
                0x000000000201246c                __lshift
 .text.__mcmp   0x00000000020125b0       0x54 c:/devkitpro/devkitarm/bin/../lib/gcc/arm-none-eabi/12.1.0/../../../../arm-none-eabi/lib\libg.a(lib_a-mprec.o)
                0x00000000020125b0                __mcmp
 .text.__mdiff  0x0000000002012604      0x204 c:/devkitpro/devkitarm/bin/../lib/gcc/arm-none-eabi/12.1.0/../../../../arm-none-eabi/lib\libg.a(lib_a-mprec.o)
                0x0000000002012604                __mdiff
 .text.__d2b    0x0000000002012808      0x128 c:/devkitpro/devkitarm/bin/../lib/gcc/arm-none-eabi/12.1.0/../../../../arm-none-eabi/lib\libg.a(lib_a-mprec.o)
                0x0000000002012808                __d2b
 .text.__sccl   0x0000000002012930       0xe4 c:/devkitpro/devkitarm/bin/../lib/gcc/arm-none-eabi/12.1.0/../../../../arm-none-eabi/lib\libg.a(lib_a-sccl.o)
                0x0000000002012930                __sccl
 .text.frexp    0x0000000002012a14       0xa4 c:/devkitpro/devkitarm/bin/../lib/gcc/arm-none-eabi/12.1.0/../../../../arm-none-eabi/lib\libg.a(lib_a-s_frexp.o)
                0x0000000002012a14                frexp
 .text.strncpy  0x0000000002012ab8       0xd0 c:/devkitpro/devkitarm/bin/../lib/gcc/arm-none-eabi/12.1.0/../../../../arm-none-eabi/lib\libg.a(lib_a-strncpy.o)
                0x0000000002012ab8                strncpy
 .text._strtoll_l.constprop.0
                0x0000000002012b88      0x234 c:/devkitpro/devkitarm/bin/../lib/gcc/arm-none-eabi/12.1.0/../../../../arm-none-eabi/lib\libg.a(lib_a-strtoll.o)
 .text._strtoll_r
                0x0000000002012dbc        0x4 c:/devkitpro/devkitarm/bin/../lib/gcc/arm-none-eabi/12.1.0/../../../../arm-none-eabi/lib\libg.a(lib_a-strtoll.o)
                0x0000000002012dbc                _strtoll_r
 .text._strtol_l.part.0
                0x0000000002012dc0      0x1a8 c:/devkitpro/devkitarm/bin/../lib/gcc/arm-none-eabi/12.1.0/../../../../arm-none-eabi/lib\libg.a(lib_a-strtol.o)
 .text._strtol_r
                0x0000000002012f68       0x3c c:/devkitpro/devkitarm/bin/../lib/gcc/arm-none-eabi/12.1.0/../../../../arm-none-eabi/lib\libg.a(lib_a-strtol.o)
                0x0000000002012f68                _strtol_r
 .text._strtoull_l.constprop.0
                0x0000000002012fa4      0x248 c:/devkitpro/devkitarm/bin/../lib/gcc/arm-none-eabi/12.1.0/../../../../arm-none-eabi/lib\libg.a(lib_a-strtoull.o)
 .text._strtoull_r
                0x00000000020131ec        0x4 c:/devkitpro/devkitarm/bin/../lib/gcc/arm-none-eabi/12.1.0/../../../../arm-none-eabi/lib\libg.a(lib_a-strtoull.o)
                0x00000000020131ec                _strtoull_r
 .text._strtoul_l.constprop.0
                0x00000000020131f0      0x1c8 c:/devkitpro/devkitarm/bin/../lib/gcc/arm-none-eabi/12.1.0/../../../../arm-none-eabi/lib\libg.a(lib_a-strtoul.o)
 .text._strtoul_r
                0x00000000020133b8        0x4 c:/devkitpro/devkitarm/bin/../lib/gcc/arm-none-eabi/12.1.0/../../../../arm-none-eabi/lib\libg.a(lib_a-strtoul.o)
                0x00000000020133b8                _strtoul_r
 .text._wcsnrtombs_l
                0x00000000020133bc      0x198 c:/devkitpro/devkitarm/bin/../lib/gcc/arm-none-eabi/12.1.0/../../../../arm-none-eabi/lib\libg.a(lib_a-wcsnrtombs.o)
                0x00000000020133bc                _wcsnrtombs_l
 .text._wcsnrtombs_r
                0x0000000002013554       0x50 c:/devkitpro/devkitarm/bin/../lib/gcc/arm-none-eabi/12.1.0/../../../../arm-none-eabi/lib\libg.a(lib_a-wcsnrtombs.o)
                0x0000000002013554                _wcsnrtombs_r
 .text.__utf8_wctomb
                0x00000000020135a4       0xf4 c:/devkitpro/devkitarm/bin/../lib/gcc/arm-none-eabi/12.1.0/../../../../arm-none-eabi/lib\libg.a(lib_a-wctomb_r.o)
                0x00000000020135a4                __utf8_wctomb
 .text.__assert_func
                0x0000000002013698       0x5c c:/devkitpro/devkitarm/bin/../lib/gcc/arm-none-eabi/12.1.0/../../../../arm-none-eabi/lib\libg.a(lib_a-assert.o)
                0x0000000002013698                __assert_func
 .text._calloc_r
                0x00000000020136f4       0xd0 c:/devkitpro/devkitarm/bin/../lib/gcc/arm-none-eabi/12.1.0/../../../../arm-none-eabi/lib\libg.a(lib_a-callocr.o)
                0x00000000020136f4                _calloc_r
 .text.__errno  0x00000000020137c4       0x10 c:/devkitpro/devkitarm/bin/../lib/gcc/arm-none-eabi/12.1.0/../../../../arm-none-eabi/lib\libg.a(lib_a-errno.o)
                0x00000000020137c4                __errno
 .text._fclose_r
                0x00000000020137d4      0x164 c:/devkitpro/devkitarm/bin/../lib/gcc/arm-none-eabi/12.1.0/../../../../arm-none-eabi/lib\libg.a(lib_a-fclose.o)
                0x00000000020137d4                _fclose_r
 .text.fiprintf
                0x0000000002013938       0x3c c:/devkitpro/devkitarm/bin/../lib/gcc/arm-none-eabi/12.1.0/../../../../arm-none-eabi/lib\libg.a(lib_a-fiprintf.o)
                0x0000000002013938                fiprintf
 .text.iswspace_l
                0x0000000002013974       0x44 c:/devkitpro/devkitarm/bin/../lib/gcc/arm-none-eabi/12.1.0/../../../../arm-none-eabi/lib\libg.a(lib_a-iswspace_l.o)
                0x0000000002013974                iswspace_l
 .text.__jp2uc  0x00000000020139b8      0x1e8 c:/devkitpro/devkitarm/bin/../lib/gcc/arm-none-eabi/12.1.0/../../../../arm-none-eabi/lib\libg.a(lib_a-jp2uc.o)
 .text._jp2uc_l
                0x0000000002013ba0       0x94 c:/devkitpro/devkitarm/bin/../lib/gcc/arm-none-eabi/12.1.0/../../../../arm-none-eabi/lib\libg.a(lib_a-jp2uc.o)
                0x0000000002013ba0                _jp2uc_l
 .text.abort    0x0000000002013c34       0x14 c:/devkitpro/devkitarm/bin/../lib/gcc/arm-none-eabi/12.1.0/../../../../arm-none-eabi/lib\libg.a(lib_a-abort.o)
                0x0000000002013c34                abort
 .text.category
                0x0000000002013c48       0x94 c:/devkitpro/devkitarm/bin/../lib/gcc/arm-none-eabi/12.1.0/../../../../arm-none-eabi/lib\libg.a(lib_a-categories.o)
                0x0000000002013c48                category
 .text._raise_r
                0x0000000002013cdc       0x94 c:/devkitpro/devkitarm/bin/../lib/gcc/arm-none-eabi/12.1.0/../../../../arm-none-eabi/lib\libg.a(lib_a-signal.o)
                0x0000000002013cdc                _raise_r
 .text.raise    0x0000000002013d70       0x18 c:/devkitpro/devkitarm/bin/../lib/gcc/arm-none-eabi/12.1.0/../../../../arm-none-eabi/lib\libg.a(lib_a-signal.o)
                0x0000000002013d70                raise
 .text.null_write
                0x0000000002013d88        0x8 c:/devkitpro/devkitarm/bin/../lib/gcc/arm-none-eabi/12.1.0/../../../../arm-none-eabi/lib\libsysbase.a(iosupport.o)
 .text._fstat_r
                0x0000000002013d90       0x7c c:/devkitpro/devkitarm/bin/../lib/gcc/arm-none-eabi/12.1.0/../../../../arm-none-eabi/lib\libsysbase.a(fstat.o)
                0x0000000002013d90                _fstat_r
 .text._getpid_r
                0x0000000002013e0c       0x14 c:/devkitpro/devkitarm/bin/../lib/gcc/arm-none-eabi/12.1.0/../../../../arm-none-eabi/lib\libsysbase.a(getpid.o)
                0x0000000002013e0c                _getpid_r
 .text._isatty_r
                0x0000000002013e20        0x8 c:/devkitpro/devkitarm/bin/../lib/gcc/arm-none-eabi/12.1.0/../../../../arm-none-eabi/lib\libsysbase.a(isatty.o)
                0x0000000002013e20                _isatty_r
 .text._kill_r  0x0000000002013e28       0x14 c:/devkitpro/devkitarm/bin/../lib/gcc/arm-none-eabi/12.1.0/../../../../arm-none-eabi/lib\libsysbase.a(kill.o)
                0x0000000002013e28                _kill_r
 .text._lseek_r
                0x0000000002013e3c       0x88 c:/devkitpro/devkitarm/bin/../lib/gcc/arm-none-eabi/12.1.0/../../../../arm-none-eabi/lib\libsysbase.a(lseek.o)
                0x0000000002013e3c                _lseek_r
 .text._read_r  0x0000000002013ec4       0x84 c:/devkitpro/devkitarm/bin/../lib/gcc/arm-none-eabi/12.1.0/../../../../arm-none-eabi/lib\libsysbase.a(read.o)
                0x0000000002013ec4                _read_r
 .text._sbrk_r  0x0000000002013f48       0x7c c:/devkitpro/devkitarm/bin/../lib/gcc/arm-none-eabi/12.1.0/../../../../arm-none-eabi/lib\libsysbase.a(sbrk.o)
                0x0000000002013f48                _sbrk_r
 .text._write_r
                0x0000000002013fc4       0x84 c:/devkitpro/devkitarm/bin/../lib/gcc/arm-none-eabi/12.1.0/../../../../arm-none-eabi/lib\libsysbase.a(write.o)
                0x0000000002013fc4                _write_r
 .text._exit    0x0000000002014048       0x20 c:/devkitpro/devkitarm/bin/../lib/gcc/arm-none-eabi/12.1.0/../../../../arm-none-eabi/lib\libsysbase.a(_exit.o)
                0x0000000002014048                _exit
 .text.build_argv
                0x0000000002014068       0x80 c:/devkitpro/devkitarm/bin/../lib/gcc/arm-none-eabi/12.1.0/../../../../arm-none-eabi/lib\libsysbase.a(build_argv.o)
                0x0000000002014068                build_argv
 .text.__flockfile
                0x00000000020140e8       0x14 c:/devkitpro/devkitarm/bin/../lib/gcc/arm-none-eabi/12.1.0/../../../../arm-none-eabi/lib\libsysbase.a(flock.o)
                0x00000000020140e8                __flockfile
 .text.__funlockfile
                0x00000000020140fc       0x14 c:/devkitpro/devkitarm/bin/../lib/gcc/arm-none-eabi/12.1.0/../../../../arm-none-eabi/lib\libsysbase.a(flock.o)
                0x00000000020140fc                __funlockfile
 .text.__get_handle
                0x0000000002014110       0x40 c:/devkitpro/devkitarm/bin/../lib/gcc/arm-none-eabi/12.1.0/../../../../arm-none-eabi/lib\libsysbase.a(handle_manager.o)
                0x0000000002014110                __get_handle
 .text._close_r
                0x0000000002014150       0xfc c:/devkitpro/devkitarm/bin/../lib/gcc/arm-none-eabi/12.1.0/../../../../arm-none-eabi/lib\libsysbase.a(handle_manager.o)
                0x0000000002014150                _close_r
 .text.__getreent
                0x000000000201424c       0x30 c:/devkitpro/devkitarm/bin/../lib/gcc/arm-none-eabi/12.1.0/../../../../arm-none-eabi/lib\libsysbase.a(getreent.o)
                0x000000000201424c                __getreent
 .text.__libc_lock_acquire
                0x000000000201427c       0x20 c:/devkitpro/devkitarm/bin/../lib/gcc/arm-none-eabi/12.1.0/../../../../arm-none-eabi/lib\libsysbase.a(syscall_support.o)
                0x000000000201427c                __libc_lock_acquire
 .text.__libc_lock_release
                0x000000000201429c       0x20 c:/devkitpro/devkitarm/bin/../lib/gcc/arm-none-eabi/12.1.0/../../../../arm-none-eabi/lib\libsysbase.a(syscall_support.o)
                0x000000000201429c                __libc_lock_release
 .text.__libc_lock_init_recursive
                0x00000000020142bc       0x20 c:/devkitpro/devkitarm/bin/../lib/gcc/arm-none-eabi/12.1.0/../../../../arm-none-eabi/lib\libsysbase.a(syscall_support.o)
                0x00000000020142bc                __libc_lock_init_recursive
 .text.__libc_lock_acquire_recursive
                0x00000000020142dc       0x20 c:/devkitpro/devkitarm/bin/../lib/gcc/arm-none-eabi/12.1.0/../../../../arm-none-eabi/lib\libsysbase.a(syscall_support.o)
                0x00000000020142dc                __libc_lock_acquire_recursive
 .text.__libc_lock_release_recursive
                0x00000000020142fc       0x20 c:/devkitpro/devkitarm/bin/../lib/gcc/arm-none-eabi/12.1.0/../../../../arm-none-eabi/lib\libsysbase.a(syscall_support.o)
                0x00000000020142fc                __libc_lock_release_recursive
 .text.__libc_lock_close_recursive
                0x000000000201431c       0x20 c:/devkitpro/devkitarm/bin/../lib/gcc/arm-none-eabi/12.1.0/../../../../arm-none-eabi/lib\libsysbase.a(syscall_support.o)
                0x000000000201431c                __libc_lock_close_recursive
 .text.__udivmoddi4
                0x000000000201433c      0x128 c:/devkitpro/devkitarm/bin/../lib/gcc/arm-none-eabi/12.1.0\libgcc.a(_udivmoddi4.o)
                0x000000000201433c                __udivmoddi4
 *fill*         0x0000000002014464        0x4 ff
 .text.__udivmoddi4.__stub
                0x0000000002014468       0xf4 linker stubs
 *(EXCLUDE_FILE(*.twl*) .gnu.warning)
 *(EXCLUDE_FILE(*.twl*) .gnu.linkonce.t*)
 *(.glue_7)
 .glue_7        0x0000000002014580        0x0 linker stubs
 *(.glue_7t)
 .glue_7t       0x0000000002014580        0x0 linker stubs
                0x0000000002014580                . = ALIGN (0x4)

.vfp11_veneer   0x0000000002014580        0x0
 .vfp11_veneer  0x0000000002014580        0x0 linker stubs

.v4_bx          0x0000000002014580        0x0
 .v4_bx         0x0000000002014580        0x0 linker stubs

.iplt           0x0000000002014580        0x0
 .iplt          0x0000000002014580        0x0 c:/devkitpro/devkitarm/bin/../lib/gcc/arm-none-eabi/12.1.0/../../../../arm-none-eabi/lib/ds_arm9_crt0.o

.fini           0x0000000002014580       0x18
 *(.fini)
 .fini          0x0000000002014580        0xc c:/devkitpro/devkitarm/bin/../lib/gcc/arm-none-eabi/12.1.0/crti.o
                0x0000000002014580                _fini
 .fini          0x000000000201458c        0xc c:/devkitpro/devkitarm/bin/../lib/gcc/arm-none-eabi/12.1.0/crtn.o
                0x0000000002014598                __text_end = .

.rodata         0x0000000002014598     0x9784
 *(EXCLUDE_FILE(*.twl*) .rodata)
 .rodata        0x0000000002014598      0x220 ui_brush.o
                0x0000000002014598                ui_brushTiles
                0x0000000002014798                ui_brushPal
 .rodata        0x00000000020147b8      0x220 ui_eraser.o
                0x00000000020147b8                ui_eraserTiles
                0x00000000020149b8                ui_eraserPal
 *all.rodata*(*)
 *(EXCLUDE_FILE(*.twl*) .roda)
 *(EXCLUDE_FILE(*.twl*) .rodata.*)
 .rodata.str1.4
                0x00000000020149d8       0x7a main.o
 *fill*         0x0000000002014a52        0x2 ff
 .rodata.con_write.str1.4
                0x0000000002014a54       0x30 C:/devkitPro/libnds/lib\libnds9.a(console.o)
 .rodata.con_write
                0x0000000002014a84       0xd4 C:/devkitPro/libnds/lib\libnds9.a(console.o)
 .rodata.consoleClear.str1.4
                0x0000000002014b58        0x5 C:/devkitPro/libnds/lib\libnds9.a(console.o)
 *fill*         0x0000000002014b5d        0x3 ff
 .rodata.str1.4
                0x0000000002014b60       0x14 C:/devkitPro/libnds/lib\libnds9.a(console.o)
 .rodata.dotab_stdout
                0x0000000002014b74       0x70 C:/devkitPro/libnds/lib\libnds9.a(console.o)
 .rodata.default_font_bin
                0x0000000002014be4     0x2000 C:/devkitPro/libnds/lib\libnds9.a(default_font.bin.o)
                0x0000000002014be4                default_font_bin
                0x0000000002016be4                default_font_bin_end
 .rodata.SIN_LUT
                0x0000000002016be4      0x102 C:/devkitPro/libnds/lib\libnds9.a(trig.o)
                0x0000000002016be4                SIN_LUT
 .rodata._puts_r.str1.4
                0x0000000002016ce6       0x14 c:/devkitpro/devkitarm/bin/../lib/gcc/arm-none-eabi/12.1.0/../../../../arm-none-eabi/lib\libg.a(lib_a-puts.o)
                                          0x2 (size before relaxing)
 *fill*         0x0000000002016ce6        0x2 ff
 .rodata.basefix.0
                0x0000000002016ce8       0x22 c:/devkitpro/devkitarm/bin/../lib/gcc/arm-none-eabi/12.1.0/../../../../arm-none-eabi/lib\libg.a(lib_a-svfiscanf.o)
 .rodata._vfiprintf_r.str1.1
                0x0000000002016d0a       0x29 c:/devkitpro/devkitarm/bin/../lib/gcc/arm-none-eabi/12.1.0/../../../../arm-none-eabi/lib\libg.a(lib_a-vfiprintf.o)
 *fill*         0x0000000002016d33        0x1 ff
 .rodata.zeroes.0
                0x0000000002016d34       0x10 c:/devkitpro/devkitarm/bin/../lib/gcc/arm-none-eabi/12.1.0/../../../../arm-none-eabi/lib\libg.a(lib_a-vfiprintf.o)
 .rodata.blanks.1
                0x0000000002016d44       0x10 c:/devkitpro/devkitarm/bin/../lib/gcc/arm-none-eabi/12.1.0/../../../../arm-none-eabi/lib\libg.a(lib_a-vfiprintf.o)
 .rodata._vfprintf_r.str1.1
                0x0000000002016d54       0x12 c:/devkitpro/devkitarm/bin/../lib/gcc/arm-none-eabi/12.1.0/../../../../arm-none-eabi/lib\libg.a(lib_a-vfprintf.o)
                                         0x3b (size before relaxing)
 *fill*         0x0000000002016d66        0x2 ff
 .rodata.zeroes.0
                0x0000000002016d68       0x10 c:/devkitpro/devkitarm/bin/../lib/gcc/arm-none-eabi/12.1.0/../../../../arm-none-eabi/lib\libg.a(lib_a-vfprintf.o)
 .rodata.blanks.1
                0x0000000002016d78       0x10 c:/devkitpro/devkitarm/bin/../lib/gcc/arm-none-eabi/12.1.0/../../../../arm-none-eabi/lib\libg.a(lib_a-vfprintf.o)
 .rodata._ctype_
                0x0000000002016d88      0x101 c:/devkitpro/devkitarm/bin/../lib/gcc/arm-none-eabi/12.1.0/../../../../arm-none-eabi/lib\libg.a(lib_a-ctype_.o)
                0x0000000002016d88                _ctype_
 *fill*         0x0000000002016e89        0x3 ff
 .rodata._dtoa_r.str1.4
                0x0000000002016e8c       0x6a c:/devkitpro/devkitarm/bin/../lib/gcc/arm-none-eabi/12.1.0/../../../../arm-none-eabi/lib\libg.a(lib_a-dtoa.o)
 *fill*         0x0000000002016ef6        0x2 ff
 .rodata.str1.4
                0x0000000002016ef8       0x48 c:/devkitpro/devkitarm/bin/../lib/gcc/arm-none-eabi/12.1.0/../../../../arm-none-eabi/lib\libg.a(lib_a-locale.o)
                                         0x4c (size before relaxing)
 .rodata._mbrtowc_r.str1.4
                0x0000000002016f40        0x1 c:/devkitpro/devkitarm/bin/../lib/gcc/arm-none-eabi/12.1.0/../../../../arm-none-eabi/lib\libg.a(lib_a-mbrtowc.o)
 .rodata.__multadd.str1.4
                0x0000000002016f40       0x43 c:/devkitpro/devkitarm/bin/../lib/gcc/arm-none-eabi/12.1.0/../../../../arm-none-eabi/lib\libg.a(lib_a-mprec.o)
                                         0x57 (size before relaxing)
 *fill*         0x0000000002016f83        0x1 ff
 .rodata.p05.0  0x0000000002016f84        0xc c:/devkitpro/devkitarm/bin/../lib/gcc/arm-none-eabi/12.1.0/../../../../arm-none-eabi/lib\libg.a(lib_a-mprec.o)
 .rodata.__mprec_bigtens
                0x0000000002016f90       0x28 c:/devkitpro/devkitarm/bin/../lib/gcc/arm-none-eabi/12.1.0/../../../../arm-none-eabi/lib\libg.a(lib_a-mprec.o)
                0x0000000002016f90                __mprec_bigtens
 .rodata.__mprec_tens
                0x0000000002016fb8       0xc8 c:/devkitpro/devkitarm/bin/../lib/gcc/arm-none-eabi/12.1.0/../../../../arm-none-eabi/lib\libg.a(lib_a-mprec.o)
                0x0000000002016fb8                __mprec_tens
 .rodata.__action_table
                0x0000000002017080       0x6c c:/devkitpro/devkitarm/bin/../lib/gcc/arm-none-eabi/12.1.0/../../../../arm-none-eabi/lib\libg.a(lib_a-svfiprintf.o)
                0x0000000002017080                __action_table
 .rodata.__state_table
                0x00000000020170ec       0x6c c:/devkitpro/devkitarm/bin/../lib/gcc/arm-none-eabi/12.1.0/../../../../arm-none-eabi/lib\libg.a(lib_a-svfiprintf.o)
                0x00000000020170ec                __state_table
 .rodata.__chclass
                0x0000000002017158      0x100 c:/devkitpro/devkitarm/bin/../lib/gcc/arm-none-eabi/12.1.0/../../../../arm-none-eabi/lib\libg.a(lib_a-svfiprintf.o)
                0x0000000002017158                __chclass
 .rodata.__assert_func.str1.4
                0x0000000002017258       0x3f c:/devkitpro/devkitarm/bin/../lib/gcc/arm-none-eabi/12.1.0/../../../../arm-none-eabi/lib\libg.a(lib_a-assert.o)
                                         0x43 (size before relaxing)
 *fill*         0x0000000002017297        0x1 ff
 .rodata._jp2uc_l.str1.4
                0x0000000002017298       0x12 c:/devkitpro/devkitarm/bin/../lib/gcc/arm-none-eabi/12.1.0/../../../../arm-none-eabi/lib\libg.a(lib_a-jp2uc.o)
 *fill*         0x00000000020172aa        0x2 ff
 .rodata.d02f4  0x00000000020172ac     0x1a7c c:/devkitpro/devkitarm/bin/../lib/gcc/arm-none-eabi/12.1.0/../../../../arm-none-eabi/lib\libg.a(lib_a-jp2uc.o)
 .rodata.b02cf  0x0000000002018d28     0x172a c:/devkitpro/devkitarm/bin/../lib/gcc/arm-none-eabi/12.1.0/../../../../arm-none-eabi/lib\libg.a(lib_a-jp2uc.o)
 *fill*         0x000000000201a452        0x2 ff
 .rodata.a8     0x000000000201a454       0x40 c:/devkitpro/devkitarm/bin/../lib/gcc/arm-none-eabi/12.1.0/../../../../arm-none-eabi/lib\libg.a(lib_a-jp2uc.o)
 .rodata.a7     0x000000000201a494       0xa2 c:/devkitpro/devkitarm/bin/../lib/gcc/arm-none-eabi/12.1.0/../../../../arm-none-eabi/lib\libg.a(lib_a-jp2uc.o)
 *fill*         0x000000000201a536        0x2 ff
 .rodata.a6     0x000000000201a538       0x70 c:/devkitpro/devkitarm/bin/../lib/gcc/arm-none-eabi/12.1.0/../../../../arm-none-eabi/lib\libg.a(lib_a-jp2uc.o)
 .rodata.a3     0x000000000201a5a8       0x5b c:/devkitpro/devkitarm/bin/../lib/gcc/arm-none-eabi/12.1.0/../../../../arm-none-eabi/lib\libg.a(lib_a-jp2uc.o)
 *fill*         0x000000000201a603        0x1 ff
 .rodata.a2     0x000000000201a604       0xbc c:/devkitpro/devkitarm/bin/../lib/gcc/arm-none-eabi/12.1.0/../../../../arm-none-eabi/lib\libg.a(lib_a-jp2uc.o)
 .rodata.a1     0x000000000201a6c0       0xbc c:/devkitpro/devkitarm/bin/../lib/gcc/arm-none-eabi/12.1.0/../../../../arm-none-eabi/lib\libg.a(lib_a-jp2uc.o)
 .rodata.categories
                0x000000000201a77c     0x3528 c:/devkitpro/devkitarm/bin/../lib/gcc/arm-none-eabi/12.1.0/../../../../arm-none-eabi/lib\libg.a(lib_a-categories.o)
 .rodata.AddDevice.str1.4
                0x000000000201dca4        0x8 c:/devkitpro/devkitarm/bin/../lib/gcc/arm-none-eabi/12.1.0/../../../../arm-none-eabi/lib\libsysbase.a(iosupport.o)
 .rodata.dotab_stdnull
                0x000000000201dcac       0x70 c:/devkitpro/devkitarm/bin/../lib/gcc/arm-none-eabi/12.1.0/../../../../arm-none-eabi/lib\libsysbase.a(iosupport.o)
                0x000000000201dcac                dotab_stdnull
 *(EXCLUDE_FILE(*.twl*) .gnu.linkonce.r*)
                0x000000000201dd1c                . = ALIGN (0x4)

.ARM.extab
 *(.ARM.extab* .gnu.linkonce.armextab.*)
                0x000000000201dd1c                __exidx_start = .

ARM.exidx
 *(.ARM.exidx* .gnu.linkonce.armexidx.*)
                0x000000000201dd1c                __exidx_end = .
                0x000000000201dd1c                . = ALIGN (0x4)
                0x000000000201dd1c                PROVIDE (__preinit_array_start = .)

.preinit_array
 *(.preinit_array)
                0x000000000201dd1c                PROVIDE (__preinit_array_end = .)
                0x000000000201dd1c                PROVIDE (__init_array_start = .)

.init_array     0x000000000201dd1c        0x4
 *(SORT_BY_NAME(.init_array.*))
 *(.init_array)
 .init_array    0x000000000201dd1c        0x4 c:/devkitpro/devkitarm/bin/../lib/gcc/arm-none-eabi/12.1.0/crtbegin.o
                0x000000000201dd20                PROVIDE (__init_array_end = .)
                [!provide]                        PROVIDE (__fini_array_start = .)

.fini_array     0x000000000201dd20        0x4
 *(.fini_array)
 .fini_array    0x000000000201dd20        0x4 c:/devkitpro/devkitarm/bin/../lib/gcc/arm-none-eabi/12.1.0/crtbegin.o
 *(SORT_BY_NAME(.fini_array.*))
                [!provide]                        PROVIDE (__fini_array_end = .)

.ctors          0x000000000201dd24        0x0
 *crtbegin.o(.ctors)
 *(EXCLUDE_FILE(*crtend.o) .ctors)
 *(SORT_BY_NAME(.ctors.*))
 *(.ctors)
                0x000000000201dd24                . = ALIGN (0x4)

.dtors          0x000000000201dd24        0x0
 *crtbegin.o(.dtors)
 *(EXCLUDE_FILE(*crtend.o) .dtors)
 *(SORT_BY_NAME(.dtors.*))
 *(.dtors)
                0x000000000201dd24                . = ALIGN (0x4)

.eh_frame       0x000000000201dd24        0x4
 *(.eh_frame)
 .eh_frame      0x000000000201dd24        0x0 c:/devkitpro/devkitarm/bin/../lib/gcc/arm-none-eabi/12.1.0/crtbegin.o
 .eh_frame      0x000000000201dd24        0x4 c:/devkitpro/devkitarm/bin/../lib/gcc/arm-none-eabi/12.1.0/crtend.o
                0x000000000201dd28                . = ALIGN (0x4)

.rel.dyn        0x000000000201dd28        0x0
 .rel.iplt      0x000000000201dd28        0x0 c:/devkitpro/devkitarm/bin/../lib/gcc/arm-none-eabi/12.1.0/../../../../arm-none-eabi/lib/ds_arm9_crt0.o

.gcc_except_table
                0x000000000201dd28        0x0
 *(.gcc_except_table)
                0x000000000201dd28                . = ALIGN (0x4)

.jcr
 *(.jcr)

.got
 *(.got.plt)
 *(.got)
 *(.rel.got)

.ewram          0x000000000201dd28        0x0
                0x000000000201dd28                __ewram_start = ABSOLUTE (.)
 *(.ewram)
 *ewram.*(.text)
                0x000000000201dd28                . = ALIGN (0x4)

.data           0x000000000201dd28     0x1bc4
                0x000000000201dd28                __data_start = ABSOLUTE (.)
 *(EXCLUDE_FILE(*.twl*) .data)
 .data          0x000000000201dd28       0x28 C:/devkitPro/libnds/lib\libnds9.a(mpu_setup.o)
 *(EXCLUDE_FILE(*.twl*) .data.*)
 .data.currentConsole
                0x000000000201dd50        0x4 C:/devkitPro/libnds/lib\libnds9.a(console.o)
                0x000000000201dd50                currentConsole
 .data.defaultConsole
                0x000000000201dd54       0x5c C:/devkitPro/libnds/lib\libnds9.a(console.o)
                0x000000000201dd54                defaultConsole
 .data.firstConsoleInit.0
                0x000000000201ddb0        0x1 C:/devkitPro/libnds/lib\libnds9.a(console.o)
 *fill*         0x000000000201ddb1        0x3 ff
 .data.oamMain  0x000000000201ddb4       0x18 C:/devkitPro/libnds/lib\libnds9.a(sprite.o)
                0x000000000201ddb4                oamMain
 .data.oamSub   0x000000000201ddcc       0x18 C:/devkitPro/libnds/lib\libnds9.a(sprite.o)
                0x000000000201ddcc                oamSub
 .data.count    0x000000000201dde4        0x1 C:/devkitPro/libnds/lib\libnds9.a(keys.o)
 .data.delay    0x000000000201dde5        0x1 C:/devkitPro/libnds/lib\libnds9.a(keys.o)
 .data.repeat   0x000000000201dde6        0x1 C:/devkitPro/libnds/lib\libnds9.a(keys.o)
 *fill*         0x000000000201dde7        0x1 ff
 .data.fifo_buffer_free
                0x000000000201dde8        0x4 C:/devkitPro/libnds/lib\libnds9.a(fifosystem.o)
                0x000000000201dde8                fifo_buffer_free
 .data.fifo_freewords
                0x000000000201ddec        0x4 C:/devkitPro/libnds/lib\libnds9.a(fifosystem.o)
                0x000000000201ddec                fifo_freewords
 .data.fifo_receive_queue
                0x000000000201ddf0        0x4 C:/devkitPro/libnds/lib\libnds9.a(fifosystem.o)
                0x000000000201ddf0                fifo_receive_queue
 .data.fifo_send_queue
                0x000000000201ddf4        0x4 C:/devkitPro/libnds/lib\libnds9.a(fifosystem.o)
                0x000000000201ddf4                fifo_send_queue
 .data.bgControl
                0x000000000201ddf8       0x20 C:/devkitPro/libnds/lib\libnds9.a(background.o)
                0x000000000201ddf8                bgControl
 .data.bgScrollTable
                0x000000000201de18       0x20 C:/devkitPro/libnds/lib\libnds9.a(background.o)
                0x000000000201de18                bgScrollTable
 .data.bgTransform
                0x000000000201de38       0x20 C:/devkitPro/libnds/lib\libnds9.a(background.o)
                0x000000000201de38                bgTransform
 .data.__malloc_sbrk_base
                0x000000000201de58        0x4 c:/devkitpro/devkitarm/bin/../lib/gcc/arm-none-eabi/12.1.0/../../../../arm-none-eabi/lib\libg.a(lib_a-mallocr.o)
                0x000000000201de58                __malloc_sbrk_base
 .data.__malloc_trim_threshold
                0x000000000201de5c        0x4 c:/devkitpro/devkitarm/bin/../lib/gcc/arm-none-eabi/12.1.0/../../../../arm-none-eabi/lib\libg.a(lib_a-mallocr.o)
                0x000000000201de5c                __malloc_trim_threshold
 .data.__malloc_av_
                0x000000000201de60      0x408 c:/devkitpro/devkitarm/bin/../lib/gcc/arm-none-eabi/12.1.0/../../../../arm-none-eabi/lib\libg.a(lib_a-mallocr.o)
                0x000000000201de60                __malloc_av_
 .data._impure_ptr
                0x000000000201e268        0x4 c:/devkitpro/devkitarm/bin/../lib/gcc/arm-none-eabi/12.1.0/../../../../arm-none-eabi/lib\libg.a(lib_a-impure.o)
                0x000000000201e268                _impure_ptr
 *fill*         0x000000000201e26c        0x4 ff
 .data.impure_data
                0x000000000201e270      0x460 c:/devkitpro/devkitarm/bin/../lib/gcc/arm-none-eabi/12.1.0/../../../../arm-none-eabi/lib\libg.a(lib_a-impure.o)
 .data.__global_locale
                0x000000000201e6d0      0x16c c:/devkitpro/devkitarm/bin/../lib/gcc/arm-none-eabi/12.1.0/../../../../arm-none-eabi/lib\libg.a(lib_a-locale.o)
                0x000000000201e6d0                __global_locale
 .data.devoptab_list
                0x000000000201e83c       0x8c c:/devkitpro/devkitarm/bin/../lib/gcc/arm-none-eabi/12.1.0/../../../../arm-none-eabi/lib\libsysbase.a(iosupport.o)
                0x000000000201e83c                devoptab_list
 .data.handles  0x000000000201e8c8     0x1000 c:/devkitpro/devkitarm/bin/../lib/gcc/arm-none-eabi/12.1.0/../../../../arm-none-eabi/lib\libsysbase.a(handle_manager.o)
 .data.__stderr_handle
                0x000000000201f8c8        0xc c:/devkitpro/devkitarm/bin/../lib/gcc/arm-none-eabi/12.1.0/../../../../arm-none-eabi/lib\libsysbase.a(handle_manager.o)
 .data.__stdout_handle
                0x000000000201f8d4        0xc c:/devkitpro/devkitarm/bin/../lib/gcc/arm-none-eabi/12.1.0/../../../../arm-none-eabi/lib\libsysbase.a(handle_manager.o)
 .data.__stdin_handle
                0x000000000201f8e0        0xc c:/devkitpro/devkitarm/bin/../lib/gcc/arm-none-eabi/12.1.0/../../../../arm-none-eabi/lib\libsysbase.a(handle_manager.o)
 *(EXCLUDE_FILE(*.twl*) .gnu.linkonce.d*)
                0x000000000201f8ec                . = ALIGN (0x4)
                0x000000000201f8ec                __data_end = ABSOLUTE (.)
                0x000000000201f8ec                __bss_vma = .

.igot.plt       0x000000000201f8ec        0x0
 .igot.plt      0x000000000201f8ec        0x0 c:/devkitpro/devkitarm/bin/../lib/gcc/arm-none-eabi/12.1.0/../../../../arm-none-eabi/lib/ds_arm9_crt0.o

.dtcm           0x0000000002ff0000        0x0 load address 0x000000000201f8ec
                0x000000000201f8ec                __dtcm_lma = LOADADDR (.dtcm)
                0x0000000002ff0000                __dtcm_start = ABSOLUTE (.)
 *(.dtcm)
 *(.dtcm.*)
                0x0000000002ff0000                . = ALIGN (0x4)
                0x0000000002ff0000                __dtcm_end = ABSOLUTE (.)

.itcm           0x0000000001000100      0x194 load address 0x000000000201f8ec
                0x000000000201f8ec                __itcm_lma = LOADADDR (.itcm)
                0x0000000001000100                __itcm_start = ABSOLUTE (.)
 *(.itcm)
 .itcm          0x0000000001000100       0xc8 C:/devkitPro/libnds/lib\libnds9.a(interrupts.o)
                0x0000000001000100                irqTable
 .itcm          0x00000000010001c8       0xcc C:/devkitPro/libnds/lib\libnds9.a(interruptDispatcher.o)
                0x00000000010001c8                IntrMain
 *.itcm*(.text .stub .text.*)
                0x0000000001000294                . = ALIGN (0x4)
                0x0000000001000294                __itcm_end = ABSOLUTE (.)

.vectors        0x0000000001000000        0x0 load address 0x000000000201fa80
                0x000000000201fa80                __vectors_lma = LOADADDR (.vectors)
                0x0000000001000000                __vectors_start = ABSOLUTE (.)
 *(.vectors .vectors.*)
                0x0000000001000000                . = ALIGN (0x4)
                0x0000000001000000                __vectors_end = ABSOLUTE (.)

.sbss           0x0000000002ff0000        0x0
                0x0000000002ff0000                __sbss_start = ABSOLUTE (.)
                0x0000000002ff0000                __sbss_start__ = ABSOLUTE (.)
 *(.sbss)
                0x0000000002ff0000                . = ALIGN (0x4)
                0x0000000002ff0000                __sbss_end = ABSOLUTE (.)

.bss            0x000000000201f8ec     0xd48c
                0x000000000201f8ec                __bss_start = ABSOLUTE (.)
                0x000000000201f8ec                __bss_start__ = ABSOLUTE (.)
 *(EXCLUDE_FILE(*.twl*) .dynbss)
 *(EXCLUDE_FILE(*.twl*) .gnu.linkonce.b*)
 *(EXCLUDE_FILE(*.twl*) .bss*)
 .bss.completed.1
                0x000000000201f8ec        0x1 c:/devkitpro/devkitarm/bin/../lib/gcc/arm-none-eabi/12.1.0/crtbegin.o
 *fill*         0x000000000201f8ed        0x3 
 .bss.object.0  0x000000000201f8f0       0x18 c:/devkitpro/devkitarm/bin/../lib/gcc/arm-none-eabi/12.1.0/crtbegin.o
 .bss           0x000000000201f908     0xc010 main.o
                0x000000000201f908                brushIcon
                0x000000000201f90c                debug
                0x000000000201f910                eraserIcon
                0x000000000201f914                fillIcon
                0x000000000201f918                pixels
 .bss.currentCopy
                0x000000000202b918       0x5c C:/devkitPro/libnds/lib\libnds9.a(console.o)
                0x000000000202b918                currentCopy
 .bss.OamMemory
                0x000000000202b974      0x400 C:/devkitPro/libnds/lib\libnds9.a(sprite.o)
                0x000000000202b974                OamMemory
 .bss.OamMemorySub
                0x000000000202bd74      0x400 C:/devkitPro/libnds/lib\libnds9.a(sprite.o)
                0x000000000202bd74                OamMemorySub
 .bss.keys      0x000000000202c174        0x2 C:/devkitPro/libnds/lib\libnds9.a(keys.o)
 .bss.keysold   0x000000000202c176        0x2 C:/devkitPro/libnds/lib\libnds9.a(keys.o)
 .bss.keysrepeat
                0x000000000202c178        0x2 C:/devkitPro/libnds/lib\libnds9.a(keys.o)
 .bss.__dsimode
                0x000000000202c17a        0x1 C:/devkitPro/libnds/lib\libnds9.a(initSystem.o)
                0x000000000202c17a                __dsimode
 *fill*         0x000000000202c17b        0x1 
 .bss.punixTime
                0x000000000202c17c        0x4 C:/devkitPro/libnds/lib\libnds9.a(initSystem.o)
                0x000000000202c17c                punixTime
 .bss.fifo_address_data
                0x000000000202c180       0x40 C:/devkitPro/libnds/lib\libnds9.a(fifosystem.o)
                0x000000000202c180                fifo_address_data
 .bss.fifo_address_func
                0x000000000202c1c0       0x40 C:/devkitPro/libnds/lib\libnds9.a(fifosystem.o)
                0x000000000202c1c0                fifo_address_func
 .bss.fifo_address_queue
                0x000000000202c200       0x40 C:/devkitPro/libnds/lib\libnds9.a(fifosystem.o)
                0x000000000202c200                fifo_address_queue
 .bss.fifo_buffer
                0x000000000202c240      0x800 C:/devkitPro/libnds/lib\libnds9.a(fifosystem.o)
                0x000000000202c240                fifo_buffer
 .bss.fifo_data_queue
                0x000000000202ca40       0x40 C:/devkitPro/libnds/lib\libnds9.a(fifosystem.o)
                0x000000000202ca40                fifo_data_queue
 .bss.fifo_datamsg_data
                0x000000000202ca80       0x40 C:/devkitPro/libnds/lib\libnds9.a(fifosystem.o)
                0x000000000202ca80                fifo_datamsg_data
 .bss.fifo_datamsg_func
                0x000000000202cac0       0x40 C:/devkitPro/libnds/lib\libnds9.a(fifosystem.o)
                0x000000000202cac0                fifo_datamsg_func
 .bss.fifo_value32_data
                0x000000000202cb00       0x40 C:/devkitPro/libnds/lib\libnds9.a(fifosystem.o)
                0x000000000202cb00                fifo_value32_data
 .bss.fifo_value32_func
                0x000000000202cb40       0x40 C:/devkitPro/libnds/lib\libnds9.a(fifosystem.o)
                0x000000000202cb40                fifo_value32_func
 .bss.fifo_value32_queue
                0x000000000202cb80       0x40 C:/devkitPro/libnds/lib\libnds9.a(fifosystem.o)
                0x000000000202cb80                fifo_value32_queue
 .bss.processing
                0x000000000202cbc0        0x4 C:/devkitPro/libnds/lib\libnds9.a(fifosystem.o)
                0x000000000202cbc0                processing
 .bss.bgIsTextLut
                0x000000000202cbc4        0x8 C:/devkitPro/libnds/lib\libnds9.a(background.o)
                0x000000000202cbc4                bgIsTextLut
 .bss.bgState   0x000000000202cbcc      0x140 C:/devkitPro/libnds/lib\libnds9.a(background.o)
                0x000000000202cbcc                bgState
 .bss.SDcallback
                0x000000000202cd0c        0x4 C:/devkitPro/libnds/lib\libnds9.a(system.o)
 .bss.__malloc_current_mallinfo
                0x000000000202cd10       0x28 c:/devkitpro/devkitarm/bin/../lib/gcc/arm-none-eabi/12.1.0/../../../../arm-none-eabi/lib\libg.a(lib_a-mallocr.o)
                0x000000000202cd10                __malloc_current_mallinfo
 .bss.__malloc_max_total_mem
                0x000000000202cd38        0x4 c:/devkitpro/devkitarm/bin/../lib/gcc/arm-none-eabi/12.1.0/../../../../arm-none-eabi/lib\libg.a(lib_a-mallocr.o)
                0x000000000202cd38                __malloc_max_total_mem
 .bss.__malloc_max_sbrked_mem
                0x000000000202cd3c        0x4 c:/devkitpro/devkitarm/bin/../lib/gcc/arm-none-eabi/12.1.0/../../../../arm-none-eabi/lib\libg.a(lib_a-mallocr.o)
                0x000000000202cd3c                __malloc_max_sbrked_mem
 .bss.__malloc_top_pad
                0x000000000202cd40        0x4 c:/devkitpro/devkitarm/bin/../lib/gcc/arm-none-eabi/12.1.0/../../../../arm-none-eabi/lib\libg.a(lib_a-mallocr.o)
                0x000000000202cd40                __malloc_top_pad
 .bss.__malloc_recursive_mutex
                0x000000000202cd44        0xc c:/devkitpro/devkitarm/bin/../lib/gcc/arm-none-eabi/12.1.0/../../../../arm-none-eabi/lib\libg.a(lib_a-mlock.o)
 .bss.__sinit_recursive_mutex
                0x000000000202cd50        0xc c:/devkitpro/devkitarm/bin/../lib/gcc/arm-none-eabi/12.1.0/../../../../arm-none-eabi/lib\libg.a(lib_a-findfp.o)
 .bss.__sfp_recursive_mutex
                0x000000000202cd5c        0xc c:/devkitpro/devkitarm/bin/../lib/gcc/arm-none-eabi/12.1.0/../../../../arm-none-eabi/lib\libg.a(lib_a-findfp.o)
 .bss.heap_start.0
                0x000000000202cd68        0x4 c:/devkitpro/devkitarm/bin/../lib/gcc/arm-none-eabi/12.1.0/../../../../arm-none-eabi/lib\libsysbase.a(sbrk.o)
 .bss.fake_heap_start
                0x000000000202cd6c        0x4 c:/devkitpro/devkitarm/bin/../lib/gcc/arm-none-eabi/12.1.0/../../../../arm-none-eabi/lib\libsysbase.a(malloc_vars.o)
                0x000000000202cd6c                fake_heap_start
 .bss.fake_heap_end
                0x000000000202cd70        0x4 c:/devkitpro/devkitarm/bin/../lib/gcc/arm-none-eabi/12.1.0/../../../../arm-none-eabi/lib\libsysbase.a(malloc_vars.o)
                0x000000000202cd70                fake_heap_end
 .bss.__hndl_lock
                0x000000000202cd74        0x4 c:/devkitpro/devkitarm/bin/../lib/gcc/arm-none-eabi/12.1.0/../../../../arm-none-eabi/lib\libsysbase.a(handle_manager.o)
 *(EXCLUDE_FILE(*.twl*) COMMON)
                0x000000000202cd78                . = ALIGN (0x4)
                0x000000000202cd78                __bss_end__ = ABSOLUTE (.)
                0x000000000202cd78                __end__ = ABSOLUTE (.)

.twl            0x000000000202cd78        0x0 load address 0x0000000002400000
                0x0000000002400000                __arm9i_lma__ = LOADADDR (.twl)
                0x000000000202cd78                __arm9i_start__ = ABSOLUTE (.)
 *(.twl)
 *.twl*(.text .stub .text.* .gnu.linkonce.t.*)
 *.twl*(.rodata)
 *.twl*(.roda)
 *.twl*(.rodata.*)
 *.twl*(.data)
 *.twl*(.data.*)
 *.twl*(.gnu.linkonce.d*)
                0x000000000202cd78                __arm9i_end__ = ABSOLUTE (.)

.twl_bss        0x000000000202cd78        0x0
                0x000000000202cd78                __twl_bss_start__ = ABSOLUTE (.)
 *(.twl_bss)
 *.twl*(.dynbss)
 *.twl*(.gnu.linkonce.b*)
 *.twl*(.bss*)
 *.twl*(COMMON)
                0x000000000202cd78                . = ALIGN (0x4)
                0x000000000202cd78                __twl_bss_end__ = ABSOLUTE (.)
                0x000000000202cd78                __twl_end__ = ABSOLUTE (.)

.stab
 *(.stab)

.stabstr
 *(.stabstr)

.stab.excl
 *(.stab.excl)

.stab.exclstr
 *(.stab.exclstr)

.stab.index
 *(.stab.index)

.stab.indexstr
 *(.stab.indexstr)

.comment        0x0000000000000000       0x46
 *(.comment)
 .comment       0x0000000000000000       0x23 c:/devkitpro/devkitarm/bin/../lib/gcc/arm-none-eabi/12.1.0/crtbegin.o
                                         0x24 (size before relaxing)
 .comment       0x0000000000000023       0x24 main.o
 .comment       0x0000000000000023       0x23 C:/devkitPro/libnds/lib\libnds9.a(sprite_alloc.o)
                                         0x24 (size before relaxing)
 .comment       0x0000000000000046       0x24 C:/devkitPro/libnds/lib\libnds9.a(console.o)
 .comment       0x0000000000000046       0x24 C:/devkitPro/libnds/lib\libnds9.a(sprite.o)
 .comment       0x0000000000000046       0x24 C:/devkitPro/libnds/lib\libnds9.a(keys.o)
 .comment       0x0000000000000046       0x24 C:/devkitPro/libnds/lib\libnds9.a(initSystem.o)
 .comment       0x0000000000000046       0x24 C:/devkitPro/libnds/lib\libnds9.a(securearea.o)
 .comment       0x0000000000000046       0x24 C:/devkitPro/libnds/lib\libnds9.a(interrupts.o)
 .comment       0x0000000000000046       0x24 C:/devkitPro/libnds/lib\libnds9.a(libnds_exit.arm.o)
 .comment       0x0000000000000046       0x24 C:/devkitPro/libnds/lib\libnds9.a(fifosystem.o)
 .comment       0x0000000000000046       0x24 C:/devkitPro/libnds/lib\libnds9.a(background.o)
 .comment       0x0000000000000046       0x24 C:/devkitPro/libnds/lib\libnds9.a(trig.o)
 .comment       0x0000000000000046       0x24 C:/devkitPro/libnds/lib\libnds9.a(video.o)
 .comment       0x0000000000000046       0x24 C:/devkitPro/libnds/lib\libnds9.a(system.o)
 .comment       0x0000000000000046       0x24 c:/devkitpro/devkitarm/bin/../lib/gcc/arm-none-eabi/12.1.0/../../../../arm-none-eabi/lib\libg.a(lib_a-init.o)
 .comment       0x0000000000000046       0x24 c:/devkitpro/devkitarm/bin/../lib/gcc/arm-none-eabi/12.1.0/../../../../arm-none-eabi/lib\libg.a(lib_a-iprintf.o)
 .comment       0x0000000000000046       0x24 c:/devkitpro/devkitarm/bin/../lib/gcc/arm-none-eabi/12.1.0/../../../../arm-none-eabi/lib\libg.a(lib_a-malloc.o)
 .comment       0x0000000000000046       0x24 c:/devkitpro/devkitarm/bin/../lib/gcc/arm-none-eabi/12.1.0/../../../../arm-none-eabi/lib\libg.a(lib_a-mallocr.o)
 .comment       0x0000000000000046       0x24 c:/devkitpro/devkitarm/bin/../lib/gcc/arm-none-eabi/12.1.0/../../../../arm-none-eabi/lib\libg.a(lib_a-memcpy-stub.o)
 .comment       0x0000000000000046       0x24 c:/devkitpro/devkitarm/bin/../lib/gcc/arm-none-eabi/12.1.0/../../../../arm-none-eabi/lib\libg.a(lib_a-memset.o)
 .comment       0x0000000000000046       0x24 c:/devkitpro/devkitarm/bin/../lib/gcc/arm-none-eabi/12.1.0/../../../../arm-none-eabi/lib\libg.a(lib_a-mlock.o)
 .comment       0x0000000000000046       0x24 c:/devkitpro/devkitarm/bin/../lib/gcc/arm-none-eabi/12.1.0/../../../../arm-none-eabi/lib\libg.a(lib_a-printf.o)
 .comment       0x0000000000000046       0x24 c:/devkitpro/devkitarm/bin/../lib/gcc/arm-none-eabi/12.1.0/../../../../arm-none-eabi/lib\libg.a(lib_a-puts.o)
 .comment       0x0000000000000046       0x24 c:/devkitpro/devkitarm/bin/../lib/gcc/arm-none-eabi/12.1.0/../../../../arm-none-eabi/lib\libg.a(lib_a-rand.o)
 .comment       0x0000000000000046       0x24 c:/devkitpro/devkitarm/bin/../lib/gcc/arm-none-eabi/12.1.0/../../../../arm-none-eabi/lib\libg.a(lib_a-realloc.o)
 .comment       0x0000000000000046       0x24 c:/devkitpro/devkitarm/bin/../lib/gcc/arm-none-eabi/12.1.0/../../../../arm-none-eabi/lib\libg.a(lib_a-reallocr.o)
 .comment       0x0000000000000046       0x24 c:/devkitpro/devkitarm/bin/../lib/gcc/arm-none-eabi/12.1.0/../../../../arm-none-eabi/lib\libg.a(lib_a-setvbuf.o)
 .comment       0x0000000000000046       0x24 c:/devkitpro/devkitarm/bin/../lib/gcc/arm-none-eabi/12.1.0/../../../../arm-none-eabi/lib\libg.a(lib_a-siscanf.o)
 .comment       0x0000000000000046       0x24 c:/devkitpro/devkitarm/bin/../lib/gcc/arm-none-eabi/12.1.0/../../../../arm-none-eabi/lib\libg.a(lib_a-stdio.o)
 .comment       0x0000000000000046       0x24 c:/devkitpro/devkitarm/bin/../lib/gcc/arm-none-eabi/12.1.0/../../../../arm-none-eabi/lib\libg.a(lib_a-strlen-stub.o)
 .comment       0x0000000000000046       0x24 c:/devkitpro/devkitarm/bin/../lib/gcc/arm-none-eabi/12.1.0/../../../../arm-none-eabi/lib\libg.a(lib_a-svfiscanf.o)
 .comment       0x0000000000000046       0x24 c:/devkitpro/devkitarm/bin/../lib/gcc/arm-none-eabi/12.1.0/../../../../arm-none-eabi/lib\libg.a(lib_a-ungetc.o)
 .comment       0x0000000000000046       0x24 c:/devkitpro/devkitarm/bin/../lib/gcc/arm-none-eabi/12.1.0/../../../../arm-none-eabi/lib\libg.a(lib_a-vfiprintf.o)
 .comment       0x0000000000000046       0x24 c:/devkitpro/devkitarm/bin/../lib/gcc/arm-none-eabi/12.1.0/../../../../arm-none-eabi/lib\libg.a(lib_a-vfprintf.o)
 .comment       0x0000000000000046       0x24 c:/devkitpro/devkitarm/bin/../lib/gcc/arm-none-eabi/12.1.0/../../../../arm-none-eabi/lib\libg.a(lib_a-wcrtomb.o)
 .comment       0x0000000000000046       0x24 c:/devkitpro/devkitarm/bin/../lib/gcc/arm-none-eabi/12.1.0/../../../../arm-none-eabi/lib\libg.a(lib_a-wcsrtombs.o)
 .comment       0x0000000000000046       0x24 c:/devkitpro/devkitarm/bin/../lib/gcc/arm-none-eabi/12.1.0/../../../../arm-none-eabi/lib\libg.a(lib_a-wsetup.o)
 .comment       0x0000000000000046       0x24 c:/devkitpro/devkitarm/bin/../lib/gcc/arm-none-eabi/12.1.0/../../../../arm-none-eabi/lib\libg.a(lib_a-ctype_.o)
 .comment       0x0000000000000046       0x24 c:/devkitpro/devkitarm/bin/../lib/gcc/arm-none-eabi/12.1.0/../../../../arm-none-eabi/lib\libg.a(lib_a-dtoa.o)
 .comment       0x0000000000000046       0x24 c:/devkitpro/devkitarm/bin/../lib/gcc/arm-none-eabi/12.1.0/../../../../arm-none-eabi/lib\libg.a(lib_a-fflush.o)
 .comment       0x0000000000000046       0x24 c:/devkitpro/devkitarm/bin/../lib/gcc/arm-none-eabi/12.1.0/../../../../arm-none-eabi/lib\libg.a(lib_a-findfp.o)
 .comment       0x0000000000000046       0x24 c:/devkitpro/devkitarm/bin/../lib/gcc/arm-none-eabi/12.1.0/../../../../arm-none-eabi/lib\libg.a(lib_a-freer.o)
 .comment       0x0000000000000046       0x24 c:/devkitpro/devkitarm/bin/../lib/gcc/arm-none-eabi/12.1.0/../../../../arm-none-eabi/lib\libg.a(lib_a-fvwrite.o)
 .comment       0x0000000000000046       0x24 c:/devkitpro/devkitarm/bin/../lib/gcc/arm-none-eabi/12.1.0/../../../../arm-none-eabi/lib\libg.a(lib_a-fwalk.o)
 .comment       0x0000000000000046       0x24 c:/devkitpro/devkitarm/bin/../lib/gcc/arm-none-eabi/12.1.0/../../../../arm-none-eabi/lib\libg.a(lib_a-impure.o)
 .comment       0x0000000000000046       0x24 c:/devkitpro/devkitarm/bin/../lib/gcc/arm-none-eabi/12.1.0/../../../../arm-none-eabi/lib\libg.a(lib_a-iswspace.o)
 .comment       0x0000000000000046       0x24 c:/devkitpro/devkitarm/bin/../lib/gcc/arm-none-eabi/12.1.0/../../../../arm-none-eabi/lib\libg.a(lib_a-localeconv.o)
 .comment       0x0000000000000046       0x24 c:/devkitpro/devkitarm/bin/../lib/gcc/arm-none-eabi/12.1.0/../../../../arm-none-eabi/lib\libg.a(lib_a-locale.o)
 .comment       0x0000000000000046       0x24 c:/devkitpro/devkitarm/bin/../lib/gcc/arm-none-eabi/12.1.0/../../../../arm-none-eabi/lib\libg.a(lib_a-makebuf.o)
 .comment       0x0000000000000046       0x24 c:/devkitpro/devkitarm/bin/../lib/gcc/arm-none-eabi/12.1.0/../../../../arm-none-eabi/lib\libg.a(lib_a-mbrtowc.o)
 .comment       0x0000000000000046       0x24 c:/devkitpro/devkitarm/bin/../lib/gcc/arm-none-eabi/12.1.0/../../../../arm-none-eabi/lib\libg.a(lib_a-mbtowc_r.o)
 .comment       0x0000000000000046       0x24 c:/devkitpro/devkitarm/bin/../lib/gcc/arm-none-eabi/12.1.0/../../../../arm-none-eabi/lib\libg.a(lib_a-memchr-stub.o)
 .comment       0x0000000000000046       0x24 c:/devkitpro/devkitarm/bin/../lib/gcc/arm-none-eabi/12.1.0/../../../../arm-none-eabi/lib\libg.a(lib_a-memmove.o)
 .comment       0x0000000000000046       0x24 c:/devkitpro/devkitarm/bin/../lib/gcc/arm-none-eabi/12.1.0/../../../../arm-none-eabi/lib\libg.a(lib_a-mprec.o)
 .comment       0x0000000000000046       0x24 c:/devkitpro/devkitarm/bin/../lib/gcc/arm-none-eabi/12.1.0/../../../../arm-none-eabi/lib\libg.a(lib_a-sccl.o)
 .comment       0x0000000000000046       0x24 c:/devkitpro/devkitarm/bin/../lib/gcc/arm-none-eabi/12.1.0/../../../../arm-none-eabi/lib\libg.a(lib_a-s_frexp.o)
 .comment       0x0000000000000046       0x24 c:/devkitpro/devkitarm/bin/../lib/gcc/arm-none-eabi/12.1.0/../../../../arm-none-eabi/lib\libg.a(lib_a-strncpy.o)
 .comment       0x0000000000000046       0x24 c:/devkitpro/devkitarm/bin/../lib/gcc/arm-none-eabi/12.1.0/../../../../arm-none-eabi/lib\libg.a(lib_a-strtoll.o)
 .comment       0x0000000000000046       0x24 c:/devkitpro/devkitarm/bin/../lib/gcc/arm-none-eabi/12.1.0/../../../../arm-none-eabi/lib\libg.a(lib_a-strtol.o)
 .comment       0x0000000000000046       0x24 c:/devkitpro/devkitarm/bin/../lib/gcc/arm-none-eabi/12.1.0/../../../../arm-none-eabi/lib\libg.a(lib_a-strtoull.o)
 .comment       0x0000000000000046       0x24 c:/devkitpro/devkitarm/bin/../lib/gcc/arm-none-eabi/12.1.0/../../../../arm-none-eabi/lib\libg.a(lib_a-strtoul.o)
 .comment       0x0000000000000046       0x24 c:/devkitpro/devkitarm/bin/../lib/gcc/arm-none-eabi/12.1.0/../../../../arm-none-eabi/lib\libg.a(lib_a-svfiprintf.o)
 .comment       0x0000000000000046       0x24 c:/devkitpro/devkitarm/bin/../lib/gcc/arm-none-eabi/12.1.0/../../../../arm-none-eabi/lib\libg.a(lib_a-wcsnrtombs.o)
 .comment       0x0000000000000046       0x24 c:/devkitpro/devkitarm/bin/../lib/gcc/arm-none-eabi/12.1.0/../../../../arm-none-eabi/lib\libg.a(lib_a-wctomb_r.o)
 .comment       0x0000000000000046       0x24 c:/devkitpro/devkitarm/bin/../lib/gcc/arm-none-eabi/12.1.0/../../../../arm-none-eabi/lib\libg.a(lib_a-assert.o)
 .comment       0x0000000000000046       0x24 c:/devkitpro/devkitarm/bin/../lib/gcc/arm-none-eabi/12.1.0/../../../../arm-none-eabi/lib\libg.a(lib_a-callocr.o)
 .comment       0x0000000000000046       0x24 c:/devkitpro/devkitarm/bin/../lib/gcc/arm-none-eabi/12.1.0/../../../../arm-none-eabi/lib\libg.a(lib_a-errno.o)
 .comment       0x0000000000000046       0x24 c:/devkitpro/devkitarm/bin/../lib/gcc/arm-none-eabi/12.1.0/../../../../arm-none-eabi/lib\libg.a(lib_a-fclose.o)
 .comment       0x0000000000000046       0x24 c:/devkitpro/devkitarm/bin/../lib/gcc/arm-none-eabi/12.1.0/../../../../arm-none-eabi/lib\libg.a(lib_a-fiprintf.o)
 .comment       0x0000000000000046       0x24 c:/devkitpro/devkitarm/bin/../lib/gcc/arm-none-eabi/12.1.0/../../../../arm-none-eabi/lib\libg.a(lib_a-iswspace_l.o)
 .comment       0x0000000000000046       0x24 c:/devkitpro/devkitarm/bin/../lib/gcc/arm-none-eabi/12.1.0/../../../../arm-none-eabi/lib\libg.a(lib_a-jp2uc.o)
 .comment       0x0000000000000046       0x24 c:/devkitpro/devkitarm/bin/../lib/gcc/arm-none-eabi/12.1.0/../../../../arm-none-eabi/lib\libg.a(lib_a-abort.o)
 .comment       0x0000000000000046       0x24 c:/devkitpro/devkitarm/bin/../lib/gcc/arm-none-eabi/12.1.0/../../../../arm-none-eabi/lib\libg.a(lib_a-categories.o)
 .comment       0x0000000000000046       0x24 c:/devkitpro/devkitarm/bin/../lib/gcc/arm-none-eabi/12.1.0/../../../../arm-none-eabi/lib\libg.a(lib_a-signal.o)
 .comment       0x0000000000000046       0x24 c:/devkitpro/devkitarm/bin/../lib/gcc/arm-none-eabi/12.1.0/../../../../arm-none-eabi/lib\libsysbase.a(iosupport.o)
 .comment       0x0000000000000046       0x24 c:/devkitpro/devkitarm/bin/../lib/gcc/arm-none-eabi/12.1.0/../../../../arm-none-eabi/lib\libsysbase.a(fstat.o)
 .comment       0x0000000000000046       0x24 c:/devkitpro/devkitarm/bin/../lib/gcc/arm-none-eabi/12.1.0/../../../../arm-none-eabi/lib\libsysbase.a(getpid.o)
 .comment       0x0000000000000046       0x24 c:/devkitpro/devkitarm/bin/../lib/gcc/arm-none-eabi/12.1.0/../../../../arm-none-eabi/lib\libsysbase.a(isatty.o)
 .comment       0x0000000000000046       0x24 c:/devkitpro/devkitarm/bin/../lib/gcc/arm-none-eabi/12.1.0/../../../../arm-none-eabi/lib\libsysbase.a(kill.o)
 .comment       0x0000000000000046       0x24 c:/devkitpro/devkitarm/bin/../lib/gcc/arm-none-eabi/12.1.0/../../../../arm-none-eabi/lib\libsysbase.a(lseek.o)
 .comment       0x0000000000000046       0x24 c:/devkitpro/devkitarm/bin/../lib/gcc/arm-none-eabi/12.1.0/../../../../arm-none-eabi/lib\libsysbase.a(read.o)
 .comment       0x0000000000000046       0x24 c:/devkitpro/devkitarm/bin/../lib/gcc/arm-none-eabi/12.1.0/../../../../arm-none-eabi/lib\libsysbase.a(sbrk.o)
 .comment       0x0000000000000046       0x24 c:/devkitpro/devkitarm/bin/../lib/gcc/arm-none-eabi/12.1.0/../../../../arm-none-eabi/lib\libsysbase.a(write.o)
 .comment       0x0000000000000046       0x24 c:/devkitpro/devkitarm/bin/../lib/gcc/arm-none-eabi/12.1.0/../../../../arm-none-eabi/lib\libsysbase.a(_exit.o)
 .comment       0x0000000000000046       0x24 c:/devkitpro/devkitarm/bin/../lib/gcc/arm-none-eabi/12.1.0/../../../../arm-none-eabi/lib\libsysbase.a(malloc_vars.o)
 .comment       0x0000000000000046       0x24 c:/devkitpro/devkitarm/bin/../lib/gcc/arm-none-eabi/12.1.0/../../../../arm-none-eabi/lib\libsysbase.a(build_argv.o)
 .comment       0x0000000000000046       0x24 c:/devkitpro/devkitarm/bin/../lib/gcc/arm-none-eabi/12.1.0/../../../../arm-none-eabi/lib\libsysbase.a(flock.o)
 .comment       0x0000000000000046       0x24 c:/devkitpro/devkitarm/bin/../lib/gcc/arm-none-eabi/12.1.0/../../../../arm-none-eabi/lib\libsysbase.a(handle_manager.o)
 .comment       0x0000000000000046       0x24 c:/devkitpro/devkitarm/bin/../lib/gcc/arm-none-eabi/12.1.0/../../../../arm-none-eabi/lib\libsysbase.a(getreent.o)
 .comment       0x0000000000000046       0x24 c:/devkitpro/devkitarm/bin/../lib/gcc/arm-none-eabi/12.1.0/../../../../arm-none-eabi/lib\libsysbase.a(syscall_support.o)
 .comment       0x0000000000000046       0x24 c:/devkitpro/devkitarm/bin/../lib/gcc/arm-none-eabi/12.1.0\libgcc.a(_udivmoddi4.o)
 .comment       0x0000000000000046       0x24 c:/devkitpro/devkitarm/bin/../lib/gcc/arm-none-eabi/12.1.0/crtend.o

.ARM.attributes
                0x0000000000000000       0x2d
 .ARM.attributes
                0x0000000000000000       0x21 c:/devkitpro/devkitarm/bin/../lib/gcc/arm-none-eabi/12.1.0/../../../../arm-none-eabi/lib/ds_arm9_crt0.o
 .ARM.attributes
                0x0000000000000021       0x1c c:/devkitpro/devkitarm/bin/../lib/gcc/arm-none-eabi/12.1.0/crti.o
 .ARM.attributes
                0x000000000000003d       0x2a c:/devkitpro/devkitarm/bin/../lib/gcc/arm-none-eabi/12.1.0/crtbegin.o
 .ARM.attributes
                0x0000000000000067       0x1b ui_brush.o
 .ARM.attributes
                0x0000000000000082       0x1b ui_eraser.o
 .ARM.attributes
                0x000000000000009d       0x2b main.o
 .ARM.attributes
                0x00000000000000c8       0x2b C:/devkitPro/libnds/lib\libnds9.a(sprite_alloc.o)
 .ARM.attributes
                0x00000000000000f3       0x2b C:/devkitPro/libnds/lib\libnds9.a(console.o)
 .ARM.attributes
                0x000000000000011e       0x2b C:/devkitPro/libnds/lib\libnds9.a(sprite.o)
 .ARM.attributes
                0x0000000000000149       0x2b C:/devkitPro/libnds/lib\libnds9.a(keys.o)
 .ARM.attributes
                0x0000000000000174       0x2b C:/devkitPro/libnds/lib\libnds9.a(initSystem.o)
 .ARM.attributes
                0x000000000000019f       0x2b C:/devkitPro/libnds/lib\libnds9.a(securearea.o)
 .ARM.attributes
                0x00000000000001ca       0x2b C:/devkitPro/libnds/lib\libnds9.a(interrupts.o)
 .ARM.attributes
                0x00000000000001f5       0x2b C:/devkitPro/libnds/lib\libnds9.a(libnds_exit.arm.o)
 .ARM.attributes
                0x0000000000000220       0x2b C:/devkitPro/libnds/lib\libnds9.a(fifosystem.o)
 .ARM.attributes
                0x000000000000024b       0x1b C:/devkitPro/libnds/lib\libnds9.a(dcache.o)
 .ARM.attributes
                0x0000000000000266       0x21 C:/devkitPro/libnds/lib\libnds9.a(mpu_setup.o)
 .ARM.attributes
                0x0000000000000287       0x21 C:/devkitPro/libnds/lib\libnds9.a(IntrWait.o)
 .ARM.attributes
                0x00000000000002a8       0x21 C:/devkitPro/libnds/lib\libnds9.a(cpu_clock.o)
 .ARM.attributes
                0x00000000000002c9       0x1b C:/devkitPro/libnds/lib\libnds9.a(interruptDispatcher.o)
 .ARM.attributes
                0x00000000000002e4       0x21 C:/devkitPro/libnds/lib\libnds9.a(swiSoftReset.o)
 .ARM.attributes
                0x0000000000000305       0x14 C:/devkitPro/libnds/lib\libnds9.a(default_font.bin.o)
 .ARM.attributes
                0x0000000000000319       0x2b C:/devkitPro/libnds/lib\libnds9.a(background.o)
 .ARM.attributes
                0x0000000000000344       0x2b C:/devkitPro/libnds/lib\libnds9.a(trig.o)
 .ARM.attributes
                0x000000000000036f       0x2b C:/devkitPro/libnds/lib\libnds9.a(video.o)
 .ARM.attributes
                0x000000000000039a       0x2b C:/devkitPro/libnds/lib\libnds9.a(system.o)
 .ARM.attributes
                0x00000000000003c5       0x1b C:/devkitPro/libnds/lib\libnds9.a(biosCalls.o)
 .ARM.attributes
                0x00000000000003e0       0x1c c:/devkitpro/devkitarm/bin/../lib/gcc/arm-none-eabi/12.1.0\libgcc.a(_divsi3.o)
 .ARM.attributes
                0x00000000000003fc       0x1c c:/devkitpro/devkitarm/bin/../lib/gcc/arm-none-eabi/12.1.0\libgcc.a(_dvmd_tls.o)
 .ARM.attributes
                0x0000000000000418       0x2a c:/devkitpro/devkitarm/bin/../lib/gcc/arm-none-eabi/12.1.0/../../../../arm-none-eabi/lib\libg.a(lib_a-init.o)
 .ARM.attributes
                0x0000000000000442       0x2a c:/devkitpro/devkitarm/bin/../lib/gcc/arm-none-eabi/12.1.0/../../../../arm-none-eabi/lib\libg.a(lib_a-iprintf.o)
 .ARM.attributes
                0x000000000000046c       0x2a c:/devkitpro/devkitarm/bin/../lib/gcc/arm-none-eabi/12.1.0/../../../../arm-none-eabi/lib\libg.a(lib_a-malloc.o)
 .ARM.attributes
                0x0000000000000496       0x2a c:/devkitpro/devkitarm/bin/../lib/gcc/arm-none-eabi/12.1.0/../../../../arm-none-eabi/lib\libg.a(lib_a-mallocr.o)
 .ARM.attributes
                0x00000000000004c0       0x2a c:/devkitpro/devkitarm/bin/../lib/gcc/arm-none-eabi/12.1.0/../../../../arm-none-eabi/lib\libg.a(lib_a-memcpy-stub.o)
 .ARM.attributes
                0x00000000000004ea       0x2a c:/devkitpro/devkitarm/bin/../lib/gcc/arm-none-eabi/12.1.0/../../../../arm-none-eabi/lib\libg.a(lib_a-memset.o)
 .ARM.attributes
                0x0000000000000514       0x2a c:/devkitpro/devkitarm/bin/../lib/gcc/arm-none-eabi/12.1.0/../../../../arm-none-eabi/lib\libg.a(lib_a-mlock.o)
 .ARM.attributes
                0x000000000000053e       0x2a c:/devkitpro/devkitarm/bin/../lib/gcc/arm-none-eabi/12.1.0/../../../../arm-none-eabi/lib\libg.a(lib_a-printf.o)
 .ARM.attributes
                0x0000000000000568       0x2a c:/devkitpro/devkitarm/bin/../lib/gcc/arm-none-eabi/12.1.0/../../../../arm-none-eabi/lib\libg.a(lib_a-puts.o)
 .ARM.attributes
                0x0000000000000592       0x2a c:/devkitpro/devkitarm/bin/../lib/gcc/arm-none-eabi/12.1.0/../../../../arm-none-eabi/lib\libg.a(lib_a-rand.o)
 .ARM.attributes
                0x00000000000005bc       0x2a c:/devkitpro/devkitarm/bin/../lib/gcc/arm-none-eabi/12.1.0/../../../../arm-none-eabi/lib\libg.a(lib_a-realloc.o)
 .ARM.attributes
                0x00000000000005e6       0x2a c:/devkitpro/devkitarm/bin/../lib/gcc/arm-none-eabi/12.1.0/../../../../arm-none-eabi/lib\libg.a(lib_a-reallocr.o)
 .ARM.attributes
                0x0000000000000610       0x2a c:/devkitpro/devkitarm/bin/../lib/gcc/arm-none-eabi/12.1.0/../../../../arm-none-eabi/lib\libg.a(lib_a-setvbuf.o)
 .ARM.attributes
                0x000000000000063a       0x2a c:/devkitpro/devkitarm/bin/../lib/gcc/arm-none-eabi/12.1.0/../../../../arm-none-eabi/lib\libg.a(lib_a-siscanf.o)
 .ARM.attributes
                0x0000000000000664       0x2a c:/devkitpro/devkitarm/bin/../lib/gcc/arm-none-eabi/12.1.0/../../../../arm-none-eabi/lib\libg.a(lib_a-stdio.o)
 .ARM.attributes
                0x000000000000068e       0x2a c:/devkitpro/devkitarm/bin/../lib/gcc/arm-none-eabi/12.1.0/../../../../arm-none-eabi/lib\libg.a(lib_a-strlen-stub.o)
 .ARM.attributes
                0x00000000000006b8       0x2a c:/devkitpro/devkitarm/bin/../lib/gcc/arm-none-eabi/12.1.0/../../../../arm-none-eabi/lib\libg.a(lib_a-svfiscanf.o)
 .ARM.attributes
                0x00000000000006e2       0x2a c:/devkitpro/devkitarm/bin/../lib/gcc/arm-none-eabi/12.1.0/../../../../arm-none-eabi/lib\libg.a(lib_a-ungetc.o)
 .ARM.attributes
                0x000000000000070c       0x2a c:/devkitpro/devkitarm/bin/../lib/gcc/arm-none-eabi/12.1.0/../../../../arm-none-eabi/lib\libg.a(lib_a-vfiprintf.o)
 .ARM.attributes
                0x0000000000000736       0x2a c:/devkitpro/devkitarm/bin/../lib/gcc/arm-none-eabi/12.1.0/../../../../arm-none-eabi/lib\libg.a(lib_a-vfprintf.o)
 .ARM.attributes
                0x0000000000000760       0x2a c:/devkitpro/devkitarm/bin/../lib/gcc/arm-none-eabi/12.1.0/../../../../arm-none-eabi/lib\libg.a(lib_a-wcrtomb.o)
 .ARM.attributes
                0x000000000000078a       0x2a c:/devkitpro/devkitarm/bin/../lib/gcc/arm-none-eabi/12.1.0/../../../../arm-none-eabi/lib\libg.a(lib_a-wcsrtombs.o)
 .ARM.attributes
                0x00000000000007b4       0x2a c:/devkitpro/devkitarm/bin/../lib/gcc/arm-none-eabi/12.1.0/../../../../arm-none-eabi/lib\libg.a(lib_a-wsetup.o)
 .ARM.attributes
                0x00000000000007de       0x2a c:/devkitpro/devkitarm/bin/../lib/gcc/arm-none-eabi/12.1.0/../../../../arm-none-eabi/lib\libg.a(lib_a-ctype_.o)
 .ARM.attributes
                0x0000000000000808       0x2a c:/devkitpro/devkitarm/bin/../lib/gcc/arm-none-eabi/12.1.0/../../../../arm-none-eabi/lib\libg.a(lib_a-dtoa.o)
 .ARM.attributes
                0x0000000000000832       0x2a c:/devkitpro/devkitarm/bin/../lib/gcc/arm-none-eabi/12.1.0/../../../../arm-none-eabi/lib\libg.a(lib_a-fflush.o)
 .ARM.attributes
                0x000000000000085c       0x2a c:/devkitpro/devkitarm/bin/../lib/gcc/arm-none-eabi/12.1.0/../../../../arm-none-eabi/lib\libg.a(lib_a-findfp.o)
 .ARM.attributes
                0x0000000000000886       0x2a c:/devkitpro/devkitarm/bin/../lib/gcc/arm-none-eabi/12.1.0/../../../../arm-none-eabi/lib\libg.a(lib_a-freer.o)
 .ARM.attributes
                0x00000000000008b0       0x2a c:/devkitpro/devkitarm/bin/../lib/gcc/arm-none-eabi/12.1.0/../../../../arm-none-eabi/lib\libg.a(lib_a-fvwrite.o)
 .ARM.attributes
                0x00000000000008da       0x2a c:/devkitpro/devkitarm/bin/../lib/gcc/arm-none-eabi/12.1.0/../../../../arm-none-eabi/lib\libg.a(lib_a-fwalk.o)
 .ARM.attributes
                0x0000000000000904       0x2a c:/devkitpro/devkitarm/bin/../lib/gcc/arm-none-eabi/12.1.0/../../../../arm-none-eabi/lib\libg.a(lib_a-impure.o)
 .ARM.attributes